[INFO] [launch]: All log files can be found below /home/muqiao/dev/ros2/workspaces/so101_ws/.vscode/.runtime/gzm001/ros_logs/2026-03-14-20-37-31-130918-muqiao-188824
[INFO] [launch]: Default logging verbosity is set to INFO
[INFO] [bash-1]: process started with pid [188828]
[INFO] [robot_state_publisher-2]: process started with pid [188830]
[INFO] [bash-1]: process has finished cleanly [pid 188828]
[robot_state_publisher-2] [WARN] [1773491851.694853536] [kdl_parser]: The root link base_link has an inertia specified in the URDF, but KDL does not support a root link with an inertia.  As a workaround, you can add an extra dummy link to your URDF.
[robot_state_publisher-2] [INFO] [1773491851.694971372] [robot_state_publisher]: got segment base_link
[robot_state_publisher-2] [INFO] [1773491851.695067566] [robot_state_publisher]: got segment gripper_frame_link
[robot_state_publisher-2] [INFO] [1773491851.695080166] [robot_state_publisher]: got segment gripper_link
[robot_state_publisher-2] [INFO] [1773491851.695085516] [robot_state_publisher]: got segment lower_arm_link
[robot_state_publisher-2] [INFO] [1773491851.695089863] [robot_state_publisher]: got segment moving_jaw_so101_v1_link
[robot_state_publisher-2] [INFO] [1773491851.695094506] [robot_state_publisher]: got segment shoulder_link
[robot_state_publisher-2] [INFO] [1773491851.695098759] [robot_state_publisher]: got segment upper_arm_link
[robot_state_publisher-2] [INFO] [1773491851.695102948] [robot_state_publisher]: got segment wrist_link
[INFO] [gzserver-3]: process started with pid [188860]
[gzserver-3] Gazebo multi-robot simulator, version 11.10.2
[gzserver-3] Copyright (C) 2012 Open Source Robotics Foundation.
[gzserver-3] Released under the Apache 2 License.
[gzserver-3] http://gazebosim.org
[gzserver-3] 
[gzserver-3] [1;33m[Wrn] [gazebo_ros_init.cpp:178] [0m[1;33m
[gzserver-3] #     # ####### ####### ###  #####  #######
[gzserver-3] ##    # #     #    #     #  #     # #
[gzserver-3] # #   # #     #    #     #  #       #
[gzserver-3] #  #  # #     #    #     #  #       #####
[gzserver-3] #   # # #     #    #     #  #       #
[gzserver-3] #    ## #     #    #     #  #     # #
[gzserver-3] #     # #######    #    ###  #####  #######
[gzserver-3] 
[gzserver-3] This version of Gazebo, now called Gazebo classic, reaches end-of-life
[gzserver-3] in January 2025. Users are highly encouraged to migrate to the new Gazebo
[gzserver-3] using our migration guides (https://gazebosim.org/docs/latest/gazebo_classic_migration?utm_source=gazebo_ros_pkgs&utm_medium=cli)
[gzserver-3] 
[gzserver-3] [0m[1;33m
[gzserver-3] [1;32m[Msg] [0m[1;32mWaiting for master.[0m[1;32m
[gzserver-3] [0m[1;32m[0m[1;32m[0m[1;32m[Msg] [0m[1;32mConnected to gazebo master @ [0m[1;32mhttp://127.0.0.1:11345[0m[1;32m
[gzserver-3] [0m[1;32m[0m[1;32m[0m[1;32m[Msg] [0m[1;32mPublicized address: [0m[1;32m10.255.255.254[0m[1;32m
[gzserver-3] [0m[1;33m[0m[1;33m[0m[1;31m[Err] [RTShaderSystem.cc:480] [0m[1;31mUnable to find shader lib. Shader generating will fail. [0m[1;31mYour GAZEBO_RESOURCE_PATH is probably improperly set. [0m[1;31mHave you sourced <prefix>/share/gazebo/setup.bash?
[INFO] [spawn_entity.py-4]: process started with pid [188972]
[spawn_entity.py-4] [INFO] [1773491856.155789827] [spawn_entity]: Spawn Entity started
[spawn_entity.py-4] [INFO] [1773491856.156180783] [spawn_entity]: Loading entity published on topic robot_description
[spawn_entity.py-4] [INFO] [1773491856.158692530] [spawn_entity]: Waiting for entity xml on robot_description
[gzserver-3] [0mALSA lib confmisc.c:855:(parse_card) cannot find card '0'
[gzserver-3] ALSA lib conf.c:5178:(_snd_config_evaluate) function snd_func_card_inum returned error: No such file or directory
[gzserver-3] ALSA lib confmisc.c:422:(snd_func_concat) error evaluating strings
[gzserver-3] ALSA lib conf.c:5178:(_snd_config_evaluate) function snd_func_concat returned error: No such file or directory
[gzserver-3] ALSA lib confmisc.c:1334:(snd_func_refer) error evaluating name
[gzserver-3] ALSA lib conf.c:5178:(_snd_config_evaluate) function snd_func_refer returned error: No such file or directory
[gzserver-3] ALSA lib conf.c:5701:(snd_config_expand) Evaluate error: No such file or directory
[gzserver-3] ALSA lib pcm.c:2664:(snd_pcm_open_noupdate) Unknown PCM default
[gzserver-3] AL lib: (EE) ALCplaybackAlsa_open: Could not open playback device 'default': No such file or directory
[gzserver-3] [1;31m[Err] [OpenAL.cc:84] [0m[1;31mUnable to open audio device[[0m[1;31mdefault[0m[1;31m]
[gzserver-3]  Audio will be disabled.
[gzserver-3] [0m[1;32m[0m[1;32m[0m[1;32m[Msg] [0m[1;32mLoading world file [[0m[1;32m/home/muqiao/dev/ros2/workspaces/so101_ws/install/so101_gazebo/share/so101_gazebo/worlds/so101_workcell.world[0m[1;32m][0m[1;32m
