[INFO] [launch]: All log files can be found below /home/muqiao/dev/ros2/workspaces/so101_ws/.vscode/.runtime/gzm001/ros_logs/2026-03-14-20-38-50-443540-muqiao-189180
[INFO] [launch]: Default logging verbosity is set to INFO
[INFO] [bash-1]: process started with pid [189184]
[INFO] [robot_state_publisher-2]: process started with pid [189186]
[INFO] [bash-1]: process has finished cleanly [pid 189184]
[robot_state_publisher-2] [WARN] [1773491931.064999107] [kdl_parser]: The root link base_link has an inertia specified in the URDF, but KDL does not support a root link with an inertia.  As a workaround, you can add an extra dummy link to your URDF.
[robot_state_publisher-2] [INFO] [1773491931.065128365] [robot_state_publisher]: got segment base_link
[robot_state_publisher-2] [INFO] [1773491931.065214806] [robot_state_publisher]: got segment gripper_frame_link
[robot_state_publisher-2] [INFO] [1773491931.065227439] [robot_state_publisher]: got segment gripper_link
[robot_state_publisher-2] [INFO] [1773491931.065232788] [robot_state_publisher]: got segment lower_arm_link
[robot_state_publisher-2] [INFO] [1773491931.065237118] [robot_state_publisher]: got segment moving_jaw_so101_v1_link
[robot_state_publisher-2] [INFO] [1773491931.065241753] [robot_state_publisher]: got segment shoulder_link
[robot_state_publisher-2] [INFO] [1773491931.065246156] [robot_state_publisher]: got segment upper_arm_link
[robot_state_publisher-2] [INFO] [1773491931.065250350] [robot_state_publisher]: got segment wrist_link
[INFO] [gzserver-3]: process started with pid [189216]
[gzserver-3] Gazebo multi-robot simulator, version 11.10.2
[gzserver-3] Copyright (C) 2012 Open Source Robotics Foundation.
[gzserver-3] Released under the Apache 2 License.
[gzserver-3] http://gazebosim.org
[gzserver-3] 
[gzserver-3] [1;33m[Wrn] [gazebo_ros_init.cpp:178] [0m[1;33m
[gzserver-3] #     # ####### ####### ###  #####  #######
[gzserver-3] ##    # #     #    #     #  #     # #
[gzserver-3] # #   # #     #    #     #  #       #
[gzserver-3] #  #  # #     #    #     #  #       #####
[gzserver-3] #   # # #     #    #     #  #       #
[gzserver-3] #    ## #     #    #     #  #     # #
[gzserver-3] #     # #######    #    ###  #####  #######
[gzserver-3] 
[gzserver-3] This version of Gazebo, now called Gazebo classic, reaches end-of-life
[gzserver-3] in January 2025. Users are highly encouraged to migrate to the new Gazebo
[gzserver-3] using our migration guides (https://gazebosim.org/docs/latest/gazebo_classic_migration?utm_source=gazebo_ros_pkgs&utm_medium=cli)
[gzserver-3] 
[gzserver-3] [0m[1;33m
[gzserver-3] [1;32m[Msg] [0m[1;32mWaiting for master.[0m[1;32m
[gzserver-3] [0m[1;32m[0m[1;32m[0m[1;32m[Msg] [0m[1;32mConnected to gazebo master @ [0m[1;32mhttp://127.0.0.1:11345[0m[1;32m
[gzserver-3] [0m[1;32m[0m[1;32m[0m[1;32m[Msg] [0m[1;32mPublicized address: [0m[1;32m10.255.255.254[0m[1;32m
[gzserver-3] [0m[1;33m[0m[1;33m[0m[1;31m[Err] [RTShaderSystem.cc:480] [0m[1;31mUnable to find shader lib. Shader generating will fail. [0m[1;31mYour GAZEBO_RESOURCE_PATH is probably improperly set. [0m[1;31mHave you sourced <prefix>/share/gazebo/setup.bash?
[INFO] [spawn_entity.py-4]: process started with pid [189328]
[spawn_entity.py-4] [INFO] [1773491935.514561327] [spawn_entity]: Spawn Entity started
[spawn_entity.py-4] [INFO] [1773491935.514964050] [spawn_entity]: Loading entity published on topic robot_description
[spawn_entity.py-4] [INFO] [1773491935.517224592] [spawn_entity]: Waiting for entity xml on robot_description
[spawn_entity.py-4] [INFO] [1773491935.529520348] [spawn_entity]: Waiting for service /spawn_entity, timeout = 30
[spawn_entity.py-4] [INFO] [1773491935.529901064] [spawn_entity]: Waiting for service /spawn_entity
[gzserver-3] [0mALSA lib confmisc.c:855:(parse_card) cannot find card '0'
[gzserver-3] ALSA lib conf.c:5178:(_snd_config_evaluate) function snd_func_card_inum returned error: No such file or directory
[gzserver-3] ALSA lib confmisc.c:422:(snd_func_concat) error evaluating strings
[gzserver-3] ALSA lib conf.c:5178:(_snd_config_evaluate) function snd_func_concat returned error: No such file or directory
[gzserver-3] ALSA lib confmisc.c:1334:(snd_func_refer) error evaluating name
[gzserver-3] ALSA lib conf.c:5178:(_snd_config_evaluate) function snd_func_refer returned error: No such file or directory
[gzserver-3] ALSA lib conf.c:5701:(snd_config_expand) Evaluate error: No such file or directory
[gzserver-3] ALSA lib pcm.c:2664:(snd_pcm_open_noupdate) Unknown PCM default
[gzserver-3] AL lib: (EE) ALCplaybackAlsa_open: Could not open playback device 'default': No such file or directory
[gzserver-3] [1;31m[Err] [OpenAL.cc:84] [0m[1;31mUnable to open audio device[[0m[1;31mdefault[0m[1;31m]
[gzserver-3]  Audio will be disabled.
[gzserver-3] [0m[1;32m[0m[1;32m[0m[1;32m[Msg] [0m[1;32mLoading world file [[0m[1;32m/home/muqiao/dev/ros2/workspaces/so101_ws/install/so101_gazebo/share/so101_gazebo/worlds/so101_workcell.world[0m[1;32m][0m[1;32m
[spawn_entity.py-4] [INFO] [1773491961.134440797] [spawn_entity]: Calling service /spawn_entity
[spawn_entity.py-4] [INFO] [1773491961.431078669] [spawn_entity]: Spawn status: SpawnEntity: Successfully spawned entity [so101]
[gzserver-3] [0m[INFO] [1773491961.449554213] [gazebo_ros2_control]: Loading gazebo_ros2_control plugin
[gzserver-3] [INFO] [1773491961.458013899] [gazebo_ros2_control]: Starting gazebo_ros2_control plugin in namespace: /
[gzserver-3] [INFO] [1773491961.458452767] [gazebo_ros2_control]: Starting gazebo_ros2_control plugin in ros 2 node: gazebo_ros2_control
[gzserver-3] [INFO] [1773491961.464141980] [gazebo_ros2_control]: connected to service!! robot_state_publisher
[gzserver-3] [INFO] [1773491961.465296654] [gazebo_ros2_control]: Received urdf from param server, parsing...
[gzserver-3] [INFO] [1773491961.465425131] [gazebo_ros2_control]: Loading parameter files /home/muqiao/dev/ros2/workspaces/so101_ws/install/so101_bringup/share/so101_bringup/config/controllers.yaml
[gzserver-3] [INFO] [1773491961.477640417] [gazebo_ros2_control]: Loading joint: shoulder_pan
[gzserver-3] [INFO] [1773491961.477708459] [gazebo_ros2_control]: 	State:
[gzserver-3] [INFO] [1773491961.477719643] [gazebo_ros2_control]: 		 position
[gzserver-3] [INFO] [1773491961.477727106] [gazebo_ros2_control]: 		 velocity
[gzserver-3] [INFO] [1773491961.477732792] [gazebo_ros2_control]: 	Command:
[gzserver-3] [INFO] [1773491961.477738423] [gazebo_ros2_control]: 		 position
[gzserver-3] [INFO] [1773491961.478219819] [gazebo_ros2_control]: Loading joint: shoulder_lift
[gzserver-3] [INFO] [1773491961.478242319] [gazebo_ros2_control]: 	State:
[gzserver-3] [INFO] [1773491961.478248634] [gazebo_ros2_control]: 		 position
[gzserver-3] [INFO] [1773491961.478254662] [gazebo_ros2_control]: 		 velocity
[gzserver-3] [INFO] [1773491961.478260238] [gazebo_ros2_control]: 	Command:
[gzserver-3] [INFO] [1773491961.478265504] [gazebo_ros2_control]: 		 position
[gzserver-3] [INFO] [1773491961.478548713] [gazebo_ros2_control]: Loading joint: elbow_flex
[gzserver-3] [INFO] [1773491961.478565992] [gazebo_ros2_control]: 	State:
[gzserver-3] [INFO] [1773491961.478571865] [gazebo_ros2_control]: 		 position
[gzserver-3] [INFO] [1773491961.478577650] [gazebo_ros2_control]: 		 velocity
[gzserver-3] [INFO] [1773491961.478583402] [gazebo_ros2_control]: 	Command:
[gzserver-3] [INFO] [1773491961.478588481] [gazebo_ros2_control]: 		 position
[gzserver-3] [INFO] [1773491961.478909426] [gazebo_ros2_control]: Loading joint: wrist_flex
[gzserver-3] [INFO] [1773491961.478928074] [gazebo_ros2_control]: 	State:
[gzserver-3] [INFO] [1773491961.478934046] [gazebo_ros2_control]: 		 position
[gzserver-3] [INFO] [1773491961.478939567] [gazebo_ros2_control]: 		 velocity
[gzserver-3] [INFO] [1773491961.478944855] [gazebo_ros2_control]: 	Command:
[gzserver-3] [INFO] [1773491961.478950000] [gazebo_ros2_control]: 		 position
[gzserver-3] [INFO] [1773491961.479303595] [gazebo_ros2_control]: Loading joint: wrist_roll
[gzserver-3] [INFO] [1773491961.479334011] [gazebo_ros2_control]: 	State:
[gzserver-3] [INFO] [1773491961.479344897] [gazebo_ros2_control]: 		 position
[gzserver-3] [INFO] [1773491961.479356556] [gazebo_ros2_control]: 		 velocity
[gzserver-3] [INFO] [1773491961.479373117] [gazebo_ros2_control]: 	Command:
[gzserver-3] [INFO] [1773491961.479391885] [gazebo_ros2_control]: 		 position
[gzserver-3] [INFO] [1773491961.479736027] [gazebo_ros2_control]: Loading joint: gripper
[gzserver-3] [INFO] [1773491961.479755899] [gazebo_ros2_control]: 	State:
[gzserver-3] [INFO] [1773491961.479762016] [gazebo_ros2_control]: 		 position
[gzserver-3] [INFO] [1773491961.479767691] [gazebo_ros2_control]: 		 velocity
[gzserver-3] [INFO] [1773491961.479772946] [gazebo_ros2_control]: 	Command:
[gzserver-3] [INFO] [1773491961.479778444] [gazebo_ros2_control]: 		 position
[gzserver-3] [INFO] [1773491961.480160575] [resource_manager]: Initialize hardware 'SO101System' 
[gzserver-3] [INFO] [1773491961.480367804] [resource_manager]: Successful initialization of hardware 'SO101System'
[gzserver-3] [INFO] [1773491961.480505810] [resource_manager]: 'configure' hardware 'SO101System' 
[gzserver-3] [INFO] [1773491961.480540940] [resource_manager]: Successful 'configure' of hardware 'SO101System'
[gzserver-3] [INFO] [1773491961.480553670] [resource_manager]: 'activate' hardware 'SO101System' 
[gzserver-3] [INFO] [1773491961.480559278] [resource_manager]: Successful 'activate' of hardware 'SO101System'
[gzserver-3] [INFO] [1773491961.480633790] [gazebo_ros2_control]: Loading controller_manager
[gzserver-3] [WARN] [1773491961.498822911] [gazebo_ros2_control]:  Desired controller update period (0.01 s) is slower than the gazebo simulation period (0.001 s).
[gzserver-3] [INFO] [1773491961.499285704] [gazebo_ros2_control]: Loaded gazebo_ros2_control.
[INFO] [spawn_entity.py-4]: process has finished cleanly [pid 189328]
