[INFO] [launch]: All log files can be found below /home/muqiao/dev/ros2/workspaces/so101_ws/.vscode/.runtime/gzm004/ros_logs/2026-03-14-21-03-12-842074-muqiao-194554
[INFO] [launch]: Default logging verbosity is set to INFO
[INFO] [robot_state_publisher-1]: process started with pid [194568]
[INFO] [bash-2]: process started with pid [194570]
[INFO] [bash-2]: process has finished cleanly [pid 194570]
[robot_state_publisher-1] [WARN] [1773493393.702978112] [kdl_parser]: The root link base_link has an inertia specified in the URDF, but KDL does not support a root link with an inertia.  As a workaround, you can add an extra dummy link to your URDF.
[robot_state_publisher-1] [INFO] [1773493393.703097502] [robot_state_publisher]: got segment base_link
[robot_state_publisher-1] [INFO] [1773493393.703168811] [robot_state_publisher]: got segment gripper_frame_link
[robot_state_publisher-1] [INFO] [1773493393.703174944] [robot_state_publisher]: got segment gripper_link
[robot_state_publisher-1] [INFO] [1773493393.703179566] [robot_state_publisher]: got segment lower_arm_link
[robot_state_publisher-1] [INFO] [1773493393.703183994] [robot_state_publisher]: got segment moving_jaw_so101_v1_link
[robot_state_publisher-1] [INFO] [1773493393.703188595] [robot_state_publisher]: got segment shoulder_link
[robot_state_publisher-1] [INFO] [1773493393.703193002] [robot_state_publisher]: got segment upper_arm_link
[robot_state_publisher-1] [INFO] [1773493393.703197270] [robot_state_publisher]: got segment wrist_link
[INFO] [gzserver-3]: process started with pid [194603]
[gzserver-3] Gazebo multi-robot simulator, version 11.10.2
[gzserver-3] Copyright (C) 2012 Open Source Robotics Foundation.
[gzserver-3] Released under the Apache 2 License.
[gzserver-3] http://gazebosim.org
[gzserver-3] 
[gzserver-3] [1;33m[Wrn] [gazebo_ros_init.cpp:178] [0m[1;33m
[gzserver-3] #     # ####### ####### ###  #####  #######
[gzserver-3] ##    # #     #    #     #  #     # #
[gzserver-3] # #   # #     #    #     #  #       #
[gzserver-3] #  #  # #     #    #     #  #       #####
[gzserver-3] #   # # #     #    #     #  #       #
[gzserver-3] #    ## #     #    #     #  #     # #
[gzserver-3] #     # #######    #    ###  #####  #######
[gzserver-3] 
[gzserver-3] This version of Gazebo, now called Gazebo classic, reaches end-of-life
[gzserver-3] in January 2025. Users are highly encouraged to migrate to the new Gazebo
[gzserver-3] using our migration guides (https://gazebosim.org/docs/latest/gazebo_classic_migration?utm_source=gazebo_ros_pkgs&utm_medium=cli)
[gzserver-3] 
[gzserver-3] [0m[1;33m
[gzserver-3] [1;32m[Msg] [0m[1;32mWaiting for master.[0m[1;32m
[gzserver-3] [0m[1;32m[0m[1;32m[0m[1;32m[Msg] [0m[1;32mConnected to gazebo master @ [0m[1;32mhttp://127.0.0.1:11345[0m[1;32m
[gzserver-3] [0m[1;32m[0m[1;32m[0m[1;32m[Msg] [0m[1;32mPublicized address: [0m[1;32m10.255.255.254[0m[1;32m
[gzserver-3] [0m[1;33m[0m[1;33m[0m[1;31m[Err] [RTShaderSystem.cc:480] [0m[1;31mUnable to find shader lib. Shader generating will fail. [0m[1;31mYour GAZEBO_RESOURCE_PATH is probably improperly set. [0m[1;31mHave you sourced <prefix>/share/gazebo/setup.bash?
[gzserver-3] [0mALSA lib confmisc.c:855:(parse_card) cannot find card '0'
[gzserver-3] ALSA lib conf.c:5178:(_snd_config_evaluate) function snd_func_card_inum returned error: No such file or directory
[gzserver-3] ALSA lib confmisc.c:422:(snd_func_concat) error evaluating strings
[gzserver-3] ALSA lib conf.c:5178:(_snd_config_evaluate) function snd_func_concat returned error: No such file or directory
[gzserver-3] ALSA lib confmisc.c:1334:(snd_func_refer) error evaluating name
[gzserver-3] ALSA lib conf.c:5178:(_snd_config_evaluate) function snd_func_refer returned error: No such file or directory
[gzserver-3] ALSA lib conf.c:5701:(snd_config_expand) Evaluate error: No such file or directory
[gzserver-3] ALSA lib pcm.c:2664:(snd_pcm_open_noupdate) Unknown PCM default
[gzserver-3] AL lib: (EE) ALCplaybackAlsa_open: Could not open playback device 'default': No such file or directory
[gzserver-3] [1;31m[Err] [OpenAL.cc:84] [0m[1;31mUnable to open audio device[[0m[1;31mdefault[0m[1;31m]
[gzserver-3]  Audio will be disabled.
[gzserver-3] [0m[1;32m[0m[1;32m[0m[1;32m[Msg] [0m[1;32mLoading world file [[0m[1;32m/home/muqiao/dev/ros2/workspaces/so101_ws/install/so101_gazebo/share/so101_gazebo/worlds/so101_workcell.world[0m[1;32m][0m[1;32m
[INFO] [spawn_entity.py-4]: process started with pid [194730]
[spawn_entity.py-4] [INFO] [1773493398.158479947] [spawn_entity]: Spawn Entity started
[spawn_entity.py-4] [INFO] [1773493398.158898498] [spawn_entity]: Loading entity published on topic robot_description
[spawn_entity.py-4] [INFO] [1773493398.160784502] [spawn_entity]: Waiting for entity xml on robot_description
[INFO] [ros2-5]: process started with pid [194859]
[spawn_entity.py-4] [INFO] [1773493432.530606842] [spawn_entity]: Waiting for service /spawn_entity, timeout = 30
[spawn_entity.py-4] [INFO] [1773493432.530987843] [spawn_entity]: Waiting for service /spawn_entity
[spawn_entity.py-4] [INFO] [1773493432.535471136] [spawn_entity]: Calling service /spawn_entity
[spawn_entity.py-4] [INFO] [1773493432.722024305] [spawn_entity]: Spawn status: SpawnEntity: Successfully spawned entity [so101]
[gzserver-3] [0m[INFO] [1773493432.738597301] [gazebo_ros2_control]: Loading gazebo_ros2_control plugin
[gzserver-3] [INFO] [1773493432.745158983] [gazebo_ros2_control]: Starting gazebo_ros2_control plugin in namespace: /
[gzserver-3] [INFO] [1773493432.745429453] [gazebo_ros2_control]: Starting gazebo_ros2_control plugin in ros 2 node: gazebo_ros2_control
[gzserver-3] [INFO] [1773493432.748845369] [gazebo_ros2_control]: connected to service!! robot_state_publisher
[gzserver-3] [INFO] [1773493432.749752270] [gazebo_ros2_control]: Received urdf from param server, parsing...
[gzserver-3] [INFO] [1773493432.749848361] [gazebo_ros2_control]: Loading parameter files /home/muqiao/dev/ros2/workspaces/so101_ws/install/so101_bringup/share/so101_bringup/config/controllers.yaml
[gzserver-3] [INFO] [1773493432.758730407] [gazebo_ros2_control]: Loading joint: shoulder_pan
[gzserver-3] [INFO] [1773493432.758874505] [gazebo_ros2_control]: 	State:
[gzserver-3] [INFO] [1773493432.758893398] [gazebo_ros2_control]: 		 position
[gzserver-3] [INFO] [1773493432.758900912] [gazebo_ros2_control]: 		 velocity
[gzserver-3] [INFO] [1773493432.758906960] [gazebo_ros2_control]: 	Command:
[gzserver-3] [INFO] [1773493432.758912215] [gazebo_ros2_control]: 		 position
[gzserver-3] [INFO] [1773493432.759130964] [gazebo_ros2_control]: Loading joint: shoulder_lift
[gzserver-3] [INFO] [1773493432.759149450] [gazebo_ros2_control]: 	State:
[gzserver-3] [INFO] [1773493432.759155433] [gazebo_ros2_control]: 		 position
[gzserver-3] [INFO] [1773493432.759161031] [gazebo_ros2_control]: 		 velocity
[gzserver-3] [INFO] [1773493432.759166020] [gazebo_ros2_control]: 	Command:
[gzserver-3] [INFO] [1773493432.759171757] [gazebo_ros2_control]: 		 position
[gzserver-3] [INFO] [1773493432.759347657] [gazebo_ros2_control]: Loading joint: elbow_flex
[gzserver-3] [INFO] [1773493432.759362461] [gazebo_ros2_control]: 	State:
[gzserver-3] [INFO] [1773493432.759367963] [gazebo_ros2_control]: 		 position
[gzserver-3] [INFO] [1773493432.759373786] [gazebo_ros2_control]: 		 velocity
[gzserver-3] [INFO] [1773493432.759378838] [gazebo_ros2_control]: 	Command:
[gzserver-3] [INFO] [1773493432.759383869] [gazebo_ros2_control]: 		 position
[gzserver-3] [INFO] [1773493432.759617881] [gazebo_ros2_control]: Loading joint: wrist_flex
[gzserver-3] [INFO] [1773493432.759638048] [gazebo_ros2_control]: 	State:
[gzserver-3] [INFO] [1773493432.759644577] [gazebo_ros2_control]: 		 position
[gzserver-3] [INFO] [1773493432.759650272] [gazebo_ros2_control]: 		 velocity
[gzserver-3] [INFO] [1773493432.759655463] [gazebo_ros2_control]: 	Command:
[gzserver-3] [INFO] [1773493432.759660708] [gazebo_ros2_control]: 		 position
[gzserver-3] [INFO] [1773493432.759899280] [gazebo_ros2_control]: Loading joint: wrist_roll
[gzserver-3] [INFO] [1773493432.759919147] [gazebo_ros2_control]: 	State:
[gzserver-3] [INFO] [1773493432.759925751] [gazebo_ros2_control]: 		 position
[gzserver-3] [INFO] [1773493432.759939677] [gazebo_ros2_control]: 		 velocity
[gzserver-3] [INFO] [1773493432.759973888] [gazebo_ros2_control]: 	Command:
[gzserver-3] [INFO] [1773493432.759980717] [gazebo_ros2_control]: 		 position
[gzserver-3] [INFO] [1773493432.760100570] [gazebo_ros2_control]: Loading joint: gripper
[gzserver-3] [INFO] [1773493432.760114850] [gazebo_ros2_control]: 	State:
[gzserver-3] [INFO] [1773493432.760120715] [gazebo_ros2_control]: 		 position
[gzserver-3] [INFO] [1773493432.760126453] [gazebo_ros2_control]: 		 velocity
[gzserver-3] [INFO] [1773493432.760131462] [gazebo_ros2_control]: 	Command:
[gzserver-3] [INFO] [1773493432.760136482] [gazebo_ros2_control]: 		 position
[gzserver-3] [INFO] [1773493432.760361022] [resource_manager]: Initialize hardware 'SO101System' 
[gzserver-3] [INFO] [1773493432.760521379] [resource_manager]: Successful initialization of hardware 'SO101System'
[gzserver-3] [INFO] [1773493432.760648469] [resource_manager]: 'configure' hardware 'SO101System' 
[gzserver-3] [INFO] [1773493432.760664033] [resource_manager]: Successful 'configure' of hardware 'SO101System'
[gzserver-3] [INFO] [1773493432.760670209] [resource_manager]: 'activate' hardware 'SO101System' 
[gzserver-3] [INFO] [1773493432.760675154] [resource_manager]: Successful 'activate' of hardware 'SO101System'
[gzserver-3] [INFO] [1773493432.760748787] [gazebo_ros2_control]: Loading controller_manager
[gzserver-3] [WARN] [1773493432.778441921] [gazebo_ros2_control]:  Desired controller update period (0.01 s) is slower than the gazebo simulation period (0.001 s).
[gzserver-3] [INFO] [1773493432.778864261] [gazebo_ros2_control]: Loaded gazebo_ros2_control.
[INFO] [spawn_entity.py-4]: process has finished cleanly [pid 194730]
