[INFO] [launch]: All log files can be found below /home/muqiao/dev/ros2/workspaces/so101_ws/.vscode/.runtime/gzm004/ros_logs/2026-03-14-20-50-52-527226-muqiao-191304
[INFO] [launch]: Default logging verbosity is set to INFO
[INFO] [bash-1]: process started with pid [191338]
[INFO] [robot_state_publisher-2]: process started with pid [191340]
[INFO] [bash-1]: process has finished cleanly [pid 191338]
[robot_state_publisher-2] [WARN] [1773492653.546768115] [kdl_parser]: The root link base_link has an inertia specified in the URDF, but KDL does not support a root link with an inertia.  As a workaround, you can add an extra dummy link to your URDF.
[robot_state_publisher-2] [INFO] [1773492653.546888958] [robot_state_publisher]: got segment base_link
[robot_state_publisher-2] [INFO] [1773492653.546974616] [robot_state_publisher]: got segment gripper_frame_link
[robot_state_publisher-2] [INFO] [1773492653.546987381] [robot_state_publisher]: got segment gripper_link
[robot_state_publisher-2] [INFO] [1773492653.546992771] [robot_state_publisher]: got segment lower_arm_link
[robot_state_publisher-2] [INFO] [1773492653.546997484] [robot_state_publisher]: got segment moving_jaw_so101_v1_link
[robot_state_publisher-2] [INFO] [1773492653.547002198] [robot_state_publisher]: got segment shoulder_link
[robot_state_publisher-2] [INFO] [1773492653.547006769] [robot_state_publisher]: got segment upper_arm_link
[robot_state_publisher-2] [INFO] [1773492653.547011111] [robot_state_publisher]: got segment wrist_link
[INFO] [gzserver-3]: process started with pid [191368]
[gzserver-3] Gazebo multi-robot simulator, version 11.10.2
[gzserver-3] Copyright (C) 2012 Open Source Robotics Foundation.
[gzserver-3] Released under the Apache 2 License.
[gzserver-3] http://gazebosim.org
[gzserver-3] 
[gzserver-3] [1;33m[Wrn] [gazebo_ros_init.cpp:178] [0m[1;33m
[gzserver-3] #     # ####### ####### ###  #####  #######
[gzserver-3] ##    # #     #    #     #  #     # #
[gzserver-3] # #   # #     #    #     #  #       #
[gzserver-3] #  #  # #     #    #     #  #       #####
[gzserver-3] #   # # #     #    #     #  #       #
[gzserver-3] #    ## #     #    #     #  #     # #
[gzserver-3] #     # #######    #    ###  #####  #######
[gzserver-3] 
[gzserver-3] This version of Gazebo, now called Gazebo classic, reaches end-of-life
[gzserver-3] in January 2025. Users are highly encouraged to migrate to the new Gazebo
[gzserver-3] using our migration guides (https://gazebosim.org/docs/latest/gazebo_classic_migration?utm_source=gazebo_ros_pkgs&utm_medium=cli)
[gzserver-3] 
[gzserver-3] [0m[1;33m
[gzserver-3] [1;32m[Msg] [0m[1;32mWaiting for master.[0m[1;32m
[gzserver-3] [0m[1;32m[0m[1;32m[0m[1;32m[Msg] [0m[1;32mConnected to gazebo master @ [0m[1;32mhttp://127.0.0.1:11345[0m[1;32m
[gzserver-3] [0m[1;32m[0m[1;32m[0m[1;32m[Msg] [0m[1;32mPublicized address: [0m[1;32m10.255.255.254[0m[1;32m
[gzserver-3] [0m[1;33m[0m[1;33m[0m[1;31m[Err] [RTShaderSystem.cc:480] [0m[1;31mUnable to find shader lib. Shader generating will fail. [0m[1;31mYour GAZEBO_RESOURCE_PATH is probably improperly set. [0m[1;31mHave you sourced <prefix>/share/gazebo/setup.bash?
[INFO] [spawn_entity.py-4]: process started with pid [191472]
[spawn_entity.py-4] [INFO] [1773492658.024543614] [spawn_entity]: Spawn Entity started
[spawn_entity.py-4] [INFO] [1773492658.024994869] [spawn_entity]: Loading entity published on topic robot_description
[spawn_entity.py-4] [INFO] [1773492658.027436551] [spawn_entity]: Waiting for entity xml on robot_description
[spawn_entity.py-4] [INFO] [1773492658.040898251] [spawn_entity]: Waiting for service /spawn_entity, timeout = 30
[spawn_entity.py-4] [INFO] [1773492658.041326426] [spawn_entity]: Waiting for service /spawn_entity
[INFO] [ros2-5]: process started with pid [191505]
