[INFO] [launch]: All log files can be found below /home/muqiao/dev/ros2/workspaces/so101_ws/.vscode/.runtime/gzm004/ros_logs/2026-03-14-20-53-52-804770-muqiao-191703
[INFO] [launch]: Default logging verbosity is set to INFO
[INFO] [bash-1]: process started with pid [191714]
[INFO] [robot_state_publisher-2]: process started with pid [191716]
[INFO] [bash-1]: process has finished cleanly [pid 191714]
[robot_state_publisher-2] [WARN] [1773492833.689791647] [kdl_parser]: The root link base_link has an inertia specified in the URDF, but KDL does not support a root link with an inertia.  As a workaround, you can add an extra dummy link to your URDF.
[robot_state_publisher-2] [INFO] [1773492833.689912174] [robot_state_publisher]: got segment base_link
[robot_state_publisher-2] [INFO] [1773492833.690000228] [robot_state_publisher]: got segment gripper_frame_link
[robot_state_publisher-2] [INFO] [1773492833.690013235] [robot_state_publisher]: got segment gripper_link
[robot_state_publisher-2] [INFO] [1773492833.690018602] [robot_state_publisher]: got segment lower_arm_link
[robot_state_publisher-2] [INFO] [1773492833.690022985] [robot_state_publisher]: got segment moving_jaw_so101_v1_link
[robot_state_publisher-2] [INFO] [1773492833.690027521] [robot_state_publisher]: got segment shoulder_link
[robot_state_publisher-2] [INFO] [1773492833.690031904] [robot_state_publisher]: got segment upper_arm_link
[robot_state_publisher-2] [INFO] [1773492833.690036188] [robot_state_publisher]: got segment wrist_link
[INFO] [gzserver-3]: process started with pid [191748]
[gzserver-3] Gazebo multi-robot simulator, version 11.10.2
[gzserver-3] Copyright (C) 2012 Open Source Robotics Foundation.
[gzserver-3] Released under the Apache 2 License.
[gzserver-3] http://gazebosim.org
[gzserver-3] 
[gzserver-3] [1;33m[Wrn] [gazebo_ros_init.cpp:178] [0m[1;33m
[gzserver-3] #     # ####### ####### ###  #####  #######
[gzserver-3] ##    # #     #    #     #  #     # #
[gzserver-3] # #   # #     #    #     #  #       #
[gzserver-3] #  #  # #     #    #     #  #       #####
[gzserver-3] #   # # #     #    #     #  #       #
[gzserver-3] #    ## #     #    #     #  #     # #
[gzserver-3] #     # #######    #    ###  #####  #######
[gzserver-3] 
[gzserver-3] This version of Gazebo, now called Gazebo classic, reaches end-of-life
[gzserver-3] in January 2025. Users are highly encouraged to migrate to the new Gazebo
[gzserver-3] using our migration guides (https://gazebosim.org/docs/latest/gazebo_classic_migration?utm_source=gazebo_ros_pkgs&utm_medium=cli)
[gzserver-3] 
[gzserver-3] [0m[1;33m
[gzserver-3] [1;32m[Msg] [0m[1;32mWaiting for master.[0m[1;32m
[gzserver-3] [0m[1;32m[0m[1;32m[0m[1;32m[Msg] [0m[1;32mConnected to gazebo master @ [0m[1;32mhttp://127.0.0.1:11345[0m[1;32m
[gzserver-3] [0m[1;32m[0m[1;32m[0m[1;32m[Msg] [0m[1;32mPublicized address: [0m[1;32m10.255.255.254[0m[1;32m
[gzserver-3] [0m[1;33m[0m[1;33m[0m[1;31m[Err] [RTShaderSystem.cc:480] [0m[1;31mUnable to find shader lib. Shader generating will fail. [0m[1;31mYour GAZEBO_RESOURCE_PATH is probably improperly set. [0m[1;31mHave you sourced <prefix>/share/gazebo/setup.bash?
[INFO] [spawn_entity.py-4]: process started with pid [191856]
[spawn_entity.py-4] [INFO] [1773492838.162984363] [spawn_entity]: Spawn Entity started
[spawn_entity.py-4] [INFO] [1773492838.163424775] [spawn_entity]: Loading entity published on topic robot_description
[spawn_entity.py-4] [INFO] [1773492838.165632055] [spawn_entity]: Waiting for entity xml on robot_description
[spawn_entity.py-4] [INFO] [1773492838.179601488] [spawn_entity]: Waiting for service /spawn_entity, timeout = 30
[spawn_entity.py-4] [INFO] [1773492838.179945825] [spawn_entity]: Waiting for service /spawn_entity
[INFO] [ros2-5]: process started with pid [191903]
[gzserver-3] [0mALSA lib confmisc.c:855:(parse_card) cannot find card '0'
[gzserver-3] ALSA lib conf.c:5178:(_snd_config_evaluate) function snd_func_card_inum returned error: No such file or directory
[gzserver-3] ALSA lib confmisc.c:422:(snd_func_concat) error evaluating strings
[gzserver-3] ALSA lib conf.c:5178:(_snd_config_evaluate) function snd_func_concat returned error: No such file or directory
[gzserver-3] ALSA lib confmisc.c:1334:(snd_func_refer) error evaluating name
[gzserver-3] ALSA lib conf.c:5178:(_snd_config_evaluate) function snd_func_refer returned error: No such file or directory
[gzserver-3] ALSA lib conf.c:5701:(snd_config_expand) Evaluate error: No such file or directory
[gzserver-3] ALSA lib pcm.c:2664:(snd_pcm_open_noupdate) Unknown PCM default
[gzserver-3] AL lib: (EE) ALCplaybackAlsa_open: Could not open playback device 'default': No such file or directory
[gzserver-3] [1;31m[Err] [OpenAL.cc:84] [0m[1;31mUnable to open audio device[[0m[1;31mdefault[0m[1;31m]
[gzserver-3]  Audio will be disabled.
[gzserver-3] [0m[1;32m[0m[1;32m[0m[1;32m[Msg] [0m[1;32mLoading world file [[0m[1;32m/home/muqiao/dev/ros2/workspaces/so101_ws/install/so101_gazebo/share/so101_gazebo/worlds/so101_workcell.world[0m[1;32m][0m[1;32m
[spawn_entity.py-4] [INFO] [1773492863.242080493] [spawn_entity]: Calling service /spawn_entity
[spawn_entity.py-4] [INFO] [1773492863.476436453] [spawn_entity]: Spawn status: SpawnEntity: Successfully spawned entity [so101]
[gzserver-3] [0m[INFO] [1773492863.492071305] [gazebo_ros2_control]: Loading gazebo_ros2_control plugin
[gzserver-3] [INFO] [1773492863.498004348] [gazebo_ros2_control]: Starting gazebo_ros2_control plugin in namespace: /
[gzserver-3] [INFO] [1773492863.498357304] [gazebo_ros2_control]: Starting gazebo_ros2_control plugin in ros 2 node: gazebo_ros2_control
[gzserver-3] [INFO] [1773492863.502717648] [gazebo_ros2_control]: connected to service!! robot_state_publisher
[gzserver-3] [INFO] [1773492863.503618809] [gazebo_ros2_control]: Received urdf from param server, parsing...
[gzserver-3] [INFO] [1773492863.504776242] [gazebo_ros2_control]: Loading parameter files /home/muqiao/dev/ros2/workspaces/so101_ws/install/so101_bringup/share/so101_bringup/config/controllers.yaml
[gzserver-3] [INFO] [1773492863.514078367] [gazebo_ros2_control]: Loading joint: shoulder_pan
[gzserver-3] [INFO] [1773492863.514153601] [gazebo_ros2_control]: 	State:
[gzserver-3] [INFO] [1773492863.514164751] [gazebo_ros2_control]: 		 position
[gzserver-3] [INFO] [1773492863.514172388] [gazebo_ros2_control]: 		 velocity
[gzserver-3] [INFO] [1773492863.514178275] [gazebo_ros2_control]: 	Command:
[gzserver-3] [INFO] [1773492863.514183602] [gazebo_ros2_control]: 		 position
[gzserver-3] [INFO] [1773492863.514844453] [gazebo_ros2_control]: Loading joint: shoulder_lift
[gzserver-3] [INFO] [1773492863.514889331] [gazebo_ros2_control]: 	State:
[gzserver-3] [INFO] [1773492863.514903091] [gazebo_ros2_control]: 		 position
[gzserver-3] [INFO] [1773492863.514914670] [gazebo_ros2_control]: 		 velocity
[gzserver-3] [INFO] [1773492863.514924896] [gazebo_ros2_control]: 	Command:
[gzserver-3] [INFO] [1773492863.514934789] [gazebo_ros2_control]: 		 position
[gzserver-3] [INFO] [1773492863.515125881] [gazebo_ros2_control]: Loading joint: elbow_flex
[gzserver-3] [INFO] [1773492863.515154099] [gazebo_ros2_control]: 	State:
[gzserver-3] [INFO] [1773492863.515166141] [gazebo_ros2_control]: 		 position
[gzserver-3] [INFO] [1773492863.515177398] [gazebo_ros2_control]: 		 velocity
[gzserver-3] [INFO] [1773492863.515193231] [gazebo_ros2_control]: 	Command:
[gzserver-3] [INFO] [1773492863.515218828] [gazebo_ros2_control]: 		 position
[gzserver-3] [INFO] [1773492863.515437665] [gazebo_ros2_control]: Loading joint: wrist_flex
[gzserver-3] [INFO] [1773492863.515465561] [gazebo_ros2_control]: 	State:
[gzserver-3] [INFO] [1773492863.515476807] [gazebo_ros2_control]: 		 position
[gzserver-3] [INFO] [1773492863.515503768] [gazebo_ros2_control]: 		 velocity
[gzserver-3] [INFO] [1773492863.515527905] [gazebo_ros2_control]: 	Command:
[gzserver-3] [INFO] [1773492863.515545048] [gazebo_ros2_control]: 		 position
[gzserver-3] [INFO] [1773492863.515898874] [gazebo_ros2_control]: Loading joint: wrist_roll
[gzserver-3] [INFO] [1773492863.515924557] [gazebo_ros2_control]: 	State:
[gzserver-3] [INFO] [1773492863.515936169] [gazebo_ros2_control]: 		 position
[gzserver-3] [INFO] [1773492863.515983689] [gazebo_ros2_control]: 		 velocity
[gzserver-3] [INFO] [1773492863.516001123] [gazebo_ros2_control]: 	Command:
[gzserver-3] [INFO] [1773492863.516008664] [gazebo_ros2_control]: 		 position
[gzserver-3] [INFO] [1773492863.516289480] [gazebo_ros2_control]: Loading joint: gripper
[gzserver-3] [INFO] [1773492863.516308976] [gazebo_ros2_control]: 	State:
[gzserver-3] [INFO] [1773492863.516314819] [gazebo_ros2_control]: 		 position
[gzserver-3] [INFO] [1773492863.516320330] [gazebo_ros2_control]: 		 velocity
[gzserver-3] [INFO] [1773492863.516325507] [gazebo_ros2_control]: 	Command:
[gzserver-3] [INFO] [1773492863.516332500] [gazebo_ros2_control]: 		 position
[gzserver-3] [INFO] [1773492863.516578492] [resource_manager]: Initialize hardware 'SO101System' 
[gzserver-3] [INFO] [1773492863.516839081] [resource_manager]: Successful initialization of hardware 'SO101System'
[gzserver-3] [INFO] [1773492863.516987970] [resource_manager]: 'configure' hardware 'SO101System' 
[gzserver-3] [INFO] [1773492863.517003631] [resource_manager]: Successful 'configure' of hardware 'SO101System'
[gzserver-3] [INFO] [1773492863.517010559] [resource_manager]: 'activate' hardware 'SO101System' 
[gzserver-3] [INFO] [1773492863.517015597] [resource_manager]: Successful 'activate' of hardware 'SO101System'
[gzserver-3] [INFO] [1773492863.517106116] [gazebo_ros2_control]: Loading controller_manager
[gzserver-3] [WARN] [1773492863.533686994] [gazebo_ros2_control]:  Desired controller update period (0.01 s) is slower than the gazebo simulation period (0.001 s).
[gzserver-3] [INFO] [1773492863.534069769] [gazebo_ros2_control]: Loaded gazebo_ros2_control.
[INFO] [spawn_entity.py-4]: process has finished cleanly [pid 191856]
