[INFO] [launch]: All log files can be found below /home/muqiao/dev/ros2/workspaces/so101_ws/.vscode/.runtime/r2c003/ros_logs/2026-03-14-20-28-51-624182-muqiao-187259
[INFO] [launch]: Default logging verbosity is set to INFO
[INFO] [robot_state_publisher-1]: process started with pid [187263]
[INFO] [python3-2]: process started with pid [187265]
[robot_state_publisher-1] [WARN] [1773491331.875163258] [kdl_parser]: The root link base_link has an inertia specified in the URDF, but KDL does not support a root link with an inertia.  As a workaround, you can add an extra dummy link to your URDF.
[robot_state_publisher-1] [INFO] [1773491331.875284206] [robot_state_publisher]: got segment base_link
[robot_state_publisher-1] [INFO] [1773491331.875369002] [robot_state_publisher]: got segment gripper_frame_link
[robot_state_publisher-1] [INFO] [1773491331.875381443] [robot_state_publisher]: got segment gripper_link
[robot_state_publisher-1] [INFO] [1773491331.875386455] [robot_state_publisher]: got segment lower_arm_link
[robot_state_publisher-1] [INFO] [1773491331.875390872] [robot_state_publisher]: got segment moving_jaw_so101_v1_link
[robot_state_publisher-1] [INFO] [1773491331.875395543] [robot_state_publisher]: got segment shoulder_link
[robot_state_publisher-1] [INFO] [1773491331.875399822] [robot_state_publisher]: got segment upper_arm_link
[robot_state_publisher-1] [INFO] [1773491331.875403908] [robot_state_publisher]: got segment wrist_link
[python3-2] [INFO] [1773491332.109313312] [so101_task_executor]: Task executor ready. Loaded templates: ['pick_place_default', 'pick_place_red', 'pick_place_blue']
[python3-2] [INFO] [1773491332.109742933] [so101_task_executor]: Detection trigger: enabled=True, conf>=0.50, cooldown=8.0s, map={'red': 'pick_place_red', 'blue': 'pick_place_blue'}
[python3-2] [INFO] [1773491335.667922286] [so101_task_executor]: [req-r2c-20260314202850] 执行中 STARTED - template=pick_place_default
[python3-2] [INFO] [1773491335.668727223] [so101_task_executor]: [req-r2c-20260314202850] 执行中 STEP - 1/8 -> home
[python3-2] [INFO] [1773491337.622435321] [so101_task_executor]: [req-r2c-20260314202850] 执行中 STEP - 2/8 -> above_pick
[python3-2] [INFO] [1773491339.575720390] [so101_task_executor]: [req-r2c-20260314202850] 执行中 STEP - 3/8 -> pick
[python3-2] [INFO] [1773491341.529460526] [so101_task_executor]: [req-r2c-20260314202850] 执行中 STEP - 4/8 -> lift_from_pick
[python3-2] [INFO] [1773491343.481363436] [so101_task_executor]: [req-r2c-20260314202850] 执行中 STEP - 5/8 -> above_place
[python3-2] [INFO] [1773491345.440639125] [so101_task_executor]: [req-r2c-20260314202850] 执行中 STEP - 6/8 -> place
[python3-2] [INFO] [1773491347.396353931] [so101_task_executor]: [req-r2c-20260314202850] 执行中 STEP - 7/8 -> retreat
[python3-2] [INFO] [1773491349.366816150] [so101_task_executor]: [req-r2c-20260314202850] 执行中 STEP - 8/8 -> home
[python3-2] [INFO] [1773491351.337932824] [so101_task_executor]: [req-r2c-20260314202850] 完成 OK - Task completed
