[INFO] [launch]: All log files can be found below /home/muqiao/dev/ros2/workspaces/so101_ws/.vscode/.runtime/r2c003/ros_logs/2026-03-14-21-01-58-680547-muqiao-194319
[INFO] [launch]: Default logging verbosity is set to INFO
[INFO] [robot_state_publisher-1]: process started with pid [194323]
[INFO] [python3-2]: process started with pid [194325]
[robot_state_publisher-1] [WARN] [1773493318.956665873] [kdl_parser]: The root link base_link has an inertia specified in the URDF, but KDL does not support a root link with an inertia.  As a workaround, you can add an extra dummy link to your URDF.
[robot_state_publisher-1] [INFO] [1773493318.956785514] [robot_state_publisher]: got segment base_link
[robot_state_publisher-1] [INFO] [1773493318.956872920] [robot_state_publisher]: got segment gripper_frame_link
[robot_state_publisher-1] [INFO] [1773493318.956885329] [robot_state_publisher]: got segment gripper_link
[robot_state_publisher-1] [INFO] [1773493318.956890502] [robot_state_publisher]: got segment lower_arm_link
[robot_state_publisher-1] [INFO] [1773493318.956895023] [robot_state_publisher]: got segment moving_jaw_so101_v1_link
[robot_state_publisher-1] [INFO] [1773493318.956899747] [robot_state_publisher]: got segment shoulder_link
[robot_state_publisher-1] [INFO] [1773493318.956904471] [robot_state_publisher]: got segment upper_arm_link
[robot_state_publisher-1] [INFO] [1773493318.956908672] [robot_state_publisher]: got segment wrist_link
[python3-2] [INFO] [1773493319.229746779] [so101_task_executor]: Task executor ready. Loaded templates: ['pick_place_default', 'pick_place_red', 'pick_place_blue']
[python3-2] [INFO] [1773493319.230363281] [so101_task_executor]: Detection trigger: enabled=True, conf>=0.50, cooldown=8.0s, map={'red': 'pick_place_red', 'blue': 'pick_place_blue'}
[python3-2] [INFO] [1773493322.682903006] [so101_task_executor]: [req-r2c-20260314210158] 执行中 STARTED - template=pick_place_default
[python3-2] [INFO] [1773493322.683843126] [so101_task_executor]: [req-r2c-20260314210158] 执行中 STEP - 1/8 -> home
[python3-2] [INFO] [1773493324.637844490] [so101_task_executor]: [req-r2c-20260314210158] 执行中 STEP - 2/8 -> above_pick
[python3-2] [INFO] [1773493326.591882836] [so101_task_executor]: [req-r2c-20260314210158] 执行中 STEP - 3/8 -> pick
[python3-2] [INFO] [1773493328.580738532] [so101_task_executor]: [req-r2c-20260314210158] 执行中 STEP - 4/8 -> lift_from_pick
[python3-2] [INFO] [1773493330.535033988] [so101_task_executor]: [req-r2c-20260314210158] 执行中 STEP - 5/8 -> above_place
[python3-2] [INFO] [1773493332.488980146] [so101_task_executor]: [req-r2c-20260314210158] 执行中 STEP - 6/8 -> place
[python3-2] [INFO] [1773493334.440591071] [so101_task_executor]: [req-r2c-20260314210158] 执行中 STEP - 7/8 -> retreat
[python3-2] [INFO] [1773493336.392524041] [so101_task_executor]: [req-r2c-20260314210158] 执行中 STEP - 8/8 -> home
[python3-2] [INFO] [1773493338.345884264] [so101_task_executor]: [req-r2c-20260314210158] 完成 OK - Task completed
