[INFO] [launch]: All log files can be found below /home/muqiao/dev/ros2/workspaces/so101_ws/.vscode/.runtime/r2c003/ros_logs/2026-03-14-20-30-38-753219-muqiao-187431
[INFO] [launch]: Default logging verbosity is set to INFO
[INFO] [robot_state_publisher-1]: process started with pid [187437]
[INFO] [python3-2]: process started with pid [187439]
[robot_state_publisher-1] [WARN] [1773491439.090240926] [kdl_parser]: The root link base_link has an inertia specified in the URDF, but KDL does not support a root link with an inertia.  As a workaround, you can add an extra dummy link to your URDF.
[robot_state_publisher-1] [INFO] [1773491439.090369389] [robot_state_publisher]: got segment base_link
[robot_state_publisher-1] [INFO] [1773491439.090464362] [robot_state_publisher]: got segment gripper_frame_link
[robot_state_publisher-1] [INFO] [1773491439.090476958] [robot_state_publisher]: got segment gripper_link
[robot_state_publisher-1] [INFO] [1773491439.090482179] [robot_state_publisher]: got segment lower_arm_link
[robot_state_publisher-1] [INFO] [1773491439.090486487] [robot_state_publisher]: got segment moving_jaw_so101_v1_link
[robot_state_publisher-1] [INFO] [1773491439.090491443] [robot_state_publisher]: got segment shoulder_link
[robot_state_publisher-1] [INFO] [1773491439.090495761] [robot_state_publisher]: got segment upper_arm_link
[robot_state_publisher-1] [INFO] [1773491439.090499985] [robot_state_publisher]: got segment wrist_link
[python3-2] [INFO] [1773491439.323026692] [so101_task_executor]: Task executor ready. Loaded templates: ['pick_place_default', 'pick_place_red', 'pick_place_blue']
[python3-2] [INFO] [1773491439.323482053] [so101_task_executor]: Detection trigger: enabled=True, conf>=0.50, cooldown=8.0s, map={'red': 'pick_place_red', 'blue': 'pick_place_blue'}
[python3-2] [INFO] [1773491443.608388460] [so101_task_executor]: [req-r2c-20260314203037] 执行中 STARTED - template=pick_place_default
[python3-2] [INFO] [1773491443.609238649] [so101_task_executor]: [req-r2c-20260314203037] 执行中 STEP - 1/8 -> home
[python3-2] [INFO] [1773491445.562611126] [so101_task_executor]: [req-r2c-20260314203037] 执行中 STEP - 2/8 -> above_pick
[python3-2] [INFO] [1773491447.517280415] [so101_task_executor]: [req-r2c-20260314203037] 执行中 STEP - 3/8 -> pick
[python3-2] [INFO] [1773491449.471788004] [so101_task_executor]: [req-r2c-20260314203037] 执行中 STEP - 4/8 -> lift_from_pick
[python3-2] [INFO] [1773491451.431384299] [so101_task_executor]: [req-r2c-20260314203037] 执行中 STEP - 5/8 -> above_place
[python3-2] [INFO] [1773491451.361456641] [so101_task_executor]: [req-r2c-20260314203037] 执行中 STEP - 6/8 -> place
[python3-2] [INFO] [1773491453.315227856] [so101_task_executor]: [req-r2c-20260314203037] 执行中 STEP - 7/8 -> retreat
[python3-2] [INFO] [1773491455.269218305] [so101_task_executor]: [req-r2c-20260314203037] 执行中 STEP - 8/8 -> home
[python3-2] [INFO] [1773491457.222670217] [so101_task_executor]: [req-r2c-20260314203037] 完成 OK - Task completed
