[INFO] [launch]: All log files can be found below /home/muqiao/dev/ros2/workspaces/so101_ws/.vscode/.runtime/r2c003/ros_logs/2026-03-14-20-27-22-484172-muqiao-186981
[INFO] [launch]: Default logging verbosity is set to INFO
[INFO] [robot_state_publisher-1]: process started with pid [186985]
[INFO] [python3-2]: process started with pid [186987]
[robot_state_publisher-1] [WARN] [1773491242.733507367] [kdl_parser]: The root link base_link has an inertia specified in the URDF, but KDL does not support a root link with an inertia.  As a workaround, you can add an extra dummy link to your URDF.
[robot_state_publisher-1] [INFO] [1773491242.733629331] [robot_state_publisher]: got segment base_link
[robot_state_publisher-1] [INFO] [1773491242.733707494] [robot_state_publisher]: got segment gripper_frame_link
[robot_state_publisher-1] [INFO] [1773491242.733719842] [robot_state_publisher]: got segment gripper_link
[robot_state_publisher-1] [INFO] [1773491242.733725139] [robot_state_publisher]: got segment lower_arm_link
[robot_state_publisher-1] [INFO] [1773491242.733729463] [robot_state_publisher]: got segment moving_jaw_so101_v1_link
[robot_state_publisher-1] [INFO] [1773491242.733734062] [robot_state_publisher]: got segment shoulder_link
[robot_state_publisher-1] [INFO] [1773491242.733738587] [robot_state_publisher]: got segment upper_arm_link
[robot_state_publisher-1] [INFO] [1773491242.733742848] [robot_state_publisher]: got segment wrist_link
[python3-2] [INFO] [1773491242.973009825] [so101_task_executor]: Task executor ready. Loaded templates: ['pick_place_default', 'pick_place_red', 'pick_place_blue']
[python3-2] [INFO] [1773491242.973517653] [so101_task_executor]: Detection trigger: enabled=True, conf>=0.50, cooldown=8.0s, map={'red': 'pick_place_red', 'blue': 'pick_place_blue'}
[python3-2] [INFO] [1773491246.989916489] [so101_task_executor]: [req-r2c-20260314202721] 执行中 STARTED - template=pick_place_default
[python3-2] [INFO] [1773491246.990931213] [so101_task_executor]: [req-r2c-20260314202721] 执行中 STEP - 1/8 -> home
[python3-2] [INFO] [1773491248.944204159] [so101_task_executor]: [req-r2c-20260314202721] 执行中 STEP - 2/8 -> above_pick
[python3-2] [INFO] [1773491250.898728345] [so101_task_executor]: [req-r2c-20260314202721] 执行中 STEP - 3/8 -> pick
[python3-2] [INFO] [1773491252.851823447] [so101_task_executor]: [req-r2c-20260314202721] 执行中 STEP - 4/8 -> lift_from_pick
[python3-2] [INFO] [1773491254.811775736] [so101_task_executor]: [req-r2c-20260314202721] 执行中 STEP - 5/8 -> above_place
[python3-2] [INFO] [1773491256.766249156] [so101_task_executor]: [req-r2c-20260314202721] 执行中 STEP - 6/8 -> place
[python3-2] [INFO] [1773491258.722853923] [so101_task_executor]: [req-r2c-20260314202721] 执行中 STEP - 7/8 -> retreat
[python3-2] [INFO] [1773491260.678196820] [so101_task_executor]: [req-r2c-20260314202721] 执行中 STEP - 8/8 -> home
[python3-2] [INFO] [1773491262.633022808] [so101_task_executor]: [req-r2c-20260314202721] 完成 OK - Task completed
