[[1;34mINFO[m] Scanning for projects...
[[1;34mINFO[m] 
[[1;34mINFO[m] [1m-----------------------< [0;36mcom.so101:mes-backend[0;1m >------------------------[m
[[1;34mINFO[m] [1mBuilding mes-backend 0.1.0[m
[[1;34mINFO[m] [1m--------------------------------[ jar ]---------------------------------[m
[[1;34mINFO[m] 
[[1;34mINFO[m] [1m>>> [0;32mspring-boot-maven-plugin:3.2.5:run[m [1m(default-cli)[0;1m > [0;1mtest-compile[m @ [36mmes-backend[0;1m >>>[m
[[1;34mINFO[m] 
[[1;34mINFO[m] [1m--- [0;32mmaven-resources-plugin:3.3.1:resources[m [1m(default-resources)[m @ [36mmes-backend[0;1m ---[m
[[1;34mINFO[m] Copying 1 resource from src/main/resources to target/classes
[[1;34mINFO[m] Copying 0 resource from src/main/resources to target/classes
[[1;34mINFO[m] 
[[1;34mINFO[m] [1m--- [0;32mmaven-compiler-plugin:3.11.0:compile[m [1m(default-compile)[m @ [36mmes-backend[0;1m ---[m
[[1;34mINFO[m] Nothing to compile - all classes are up to date
[[1;34mINFO[m] 
[[1;34mINFO[m] [1m--- [0;32mmaven-resources-plugin:3.3.1:testResources[m [1m(default-testResources)[m @ [36mmes-backend[0;1m ---[m
[[1;34mINFO[m] Copying 1 resource from src/test/resources to target/test-classes
[[1;34mINFO[m] 
[[1;34mINFO[m] [1m--- [0;32mmaven-compiler-plugin:3.11.0:testCompile[m [1m(default-testCompile)[m @ [36mmes-backend[0;1m ---[m
[[1;34mINFO[m] Nothing to compile - all classes are up to date
[[1;34mINFO[m] 
[[1;34mINFO[m] [1m<<< [0;32mspring-boot-maven-plugin:3.2.5:run[m [1m(default-cli)[0;1m < [0;1mtest-compile[m @ [36mmes-backend[0;1m <<<[m
[[1;34mINFO[m] 
[[1;34mINFO[m] 
[[1;34mINFO[m] [1m--- [0;32mspring-boot-maven-plugin:3.2.5:run[m [1m(default-cli)[m @ [36mmes-backend[0;1m ---[m
[[1;34mINFO[m] Attaching agents: []

  .   ____          _            __ _ _
 /\\ / ___'_ __ _ _(_)_ __  __ _ \ \ \ \
( ( )\___ | '_ | '_| | '_ \/ _` | \ \ \ \
 \\/  ___)| |_)| | | | | || (_| |  ) ) ) )
  '  |____| .__|_| |_|_| |_\__, | / / / /
 =========|_|==============|___/=/_/_/_/
 :: Spring Boot ::                (v3.2.5)

2026-03-14T18:50:59.685+08:00  INFO 156642 --- [so101-mes-backend] [           main] com.so101.mes.MesBackendApplication      : Starting MesBackendApplication using Java 17.0.18 with PID 156642 (/home/muqiao/dev/ros2/workspaces/so101_ws/mes_backend/target/classes started by muqiao in /home/muqiao/dev/ros2/workspaces/so101_ws/mes_backend)
2026-03-14T18:50:59.687+08:00  INFO 156642 --- [so101-mes-backend] [           main] com.so101.mes.MesBackendApplication      : No active profile set, falling back to 1 default profile: "default"
2026-03-14T18:51:00.591+08:00  INFO 156642 --- [so101-mes-backend] [           main] o.s.b.w.embedded.tomcat.TomcatWebServer  : Tomcat initialized with port 8080 (http)
2026-03-14T18:51:00.604+08:00  INFO 156642 --- [so101-mes-backend] [           main] o.apache.catalina.core.StandardService   : Starting service [Tomcat]
2026-03-14T18:51:00.605+08:00  INFO 156642 --- [so101-mes-backend] [           main] o.apache.catalina.core.StandardEngine    : Starting Servlet engine: [Apache Tomcat/10.1.20]
2026-03-14T18:51:00.664+08:00  INFO 156642 --- [so101-mes-backend] [           main] o.a.c.c.C.[Tomcat].[localhost].[/]       : Initializing Spring embedded WebApplicationContext
2026-03-14T18:51:00.665+08:00  INFO 156642 --- [so101-mes-backend] [           main] w.s.c.ServletWebServerApplicationContext : Root WebApplicationContext: initialization completed in 936 ms
2026-03-14T18:51:01.016+08:00  INFO 156642 --- [so101-mes-backend] [           main] o.s.b.w.embedded.tomcat.TomcatWebServer  : Tomcat started on port 8080 (http) with context path ''
2026-03-14T18:51:01.018+08:00  INFO 156642 --- [so101-mes-backend] [           main] o.s.m.s.b.SimpleBrokerMessageHandler     : Starting...
2026-03-14T18:51:01.020+08:00  INFO 156642 --- [so101-mes-backend] [           main] o.s.m.s.b.SimpleBrokerMessageHandler     : BrokerAvailabilityEvent[available=true, SimpleBrokerMessageHandler [org.springframework.messaging.simp.broker.DefaultSubscriptionRegistry@36baa049]]
2026-03-14T18:51:01.020+08:00  INFO 156642 --- [so101-mes-backend] [           main] o.s.m.s.b.SimpleBrokerMessageHandler     : Started.
2026-03-14T18:51:01.026+08:00  INFO 156642 --- [so101-mes-backend] [           main] com.so101.mes.MesBackendApplication      : Started MesBackendApplication in 1.769 seconds (process running for 2.094)
2026-03-14T18:51:01.220+08:00  INFO 156642 --- [so101-mes-backend] [nio-8080-exec-1] o.a.c.c.C.[Tomcat].[localhost].[/]       : Initializing Spring DispatcherServlet 'dispatcherServlet'
2026-03-14T18:51:01.220+08:00  INFO 156642 --- [so101-mes-backend] [nio-8080-exec-1] o.s.web.servlet.DispatcherServlet        : Initializing Servlet 'dispatcherServlet'
2026-03-14T18:51:01.222+08:00  INFO 156642 --- [so101-mes-backend] [nio-8080-exec-1] o.s.web.servlet.DispatcherServlet        : Completed initialization in 2 ms
2026-03-14T18:51:19.589+08:00  WARN 156642 --- [so101-mes-backend] [nio-8080-exec-7] c.s.mes.service.RosbridgeClientService   : Rosbridge not open yet. Message queued.
2026-03-14T18:51:34.081+08:00  WARN 156642 --- [so101-mes-backend] [nio-8080-exec-5] c.s.mes.service.RosbridgeClientService   : Rosbridge not open yet. Message queued.
2026-03-14T18:51:56.668+08:00  INFO 156642 --- [so101-mes-backend] [MessageBroker-1] o.s.w.s.c.WebSocketMessageBrokerStats    : WebSocketSession[1 current WS(1)-HttpStream(0)-HttpPoll(0), 1 total, 0 closed abnormally (0 connect failure, 0 send limit, 0 transport error)], stompSubProtocol[processed CONNECT(1)-CONNECTED(1)-DISCONNECT(0)], stompBrokerRelay[null], inboundChannel[pool size = 9, active threads = 0, queued tasks = 0, completed tasks = 9], outboundChannel[pool size = 1, active threads = 0, queued tasks = 0, completed tasks = 1], sockJsScheduler[pool size = 1, active threads = 1, queued tasks = 0, completed tasks = 0]
2026-03-14T18:53:05.440+08:00 ERROR 156642 --- [so101-mes-backend] [ctReadThread-29] c.s.mes.service.RosbridgeClientService   : Rosbridge error

java.net.ConnectException: Connection timed out
	at java.base/sun.nio.ch.Net.connect0(Native Method) ~[na:na]
	at java.base/sun.nio.ch.Net.connect(Net.java:591) ~[na:na]
	at java.base/sun.nio.ch.Net.connect(Net.java:580) ~[na:na]
	at java.base/sun.nio.ch.NioSocketImpl.connect(NioSocketImpl.java:593) ~[na:na]
	at java.base/java.net.Socket.connect(Socket.java:633) ~[na:na]
	at org.java_websocket.client.WebSocketClient.run(WebSocketClient.java:475) ~[Java-WebSocket-1.5.6.jar:na]
	at java.base/java.lang.Thread.run(Thread.java:840) ~[na:na]

2026-03-14T18:53:05.447+08:00  WARN 156642 --- [so101-mes-backend] [ctReadThread-29] c.s.mes.service.RosbridgeClientService   : Rosbridge closed: code=-1, reason=Connection timed out
2026-03-14T18:59:28.874+08:00  WARN 156642 --- [so101-mes-backend] [nio-8080-exec-6] c.s.mes.service.RosbridgeClientService   : Rosbridge not open yet. Message queued.
2026-03-14T19:00:41.798+08:00  WARN 156642 --- [so101-mes-backend] [io-8080-exec-10] c.s.mes.service.RosbridgeClientService   : Rosbridge not open yet. Message queued.
2026-03-14T19:01:00.150+08:00  WARN 156642 --- [so101-mes-backend] [nio-8080-exec-6] c.s.mes.service.RosbridgeClientService   : Rosbridge not open yet. Message queued.
2026-03-14T19:01:23.383+08:00  WARN 156642 --- [so101-mes-backend] [nio-8080-exec-6] c.s.mes.service.RosbridgeClientService   : Rosbridge not open yet. Message queued.
2026-03-14T19:01:35.416+08:00 ERROR 156642 --- [so101-mes-backend] [ctReadThread-60] c.s.mes.service.RosbridgeClientService   : Rosbridge error

java.net.ConnectException: Connection timed out
	at java.base/sun.nio.ch.Net.connect0(Native Method) ~[na:na]
	at java.base/sun.nio.ch.Net.connect(Net.java:591) ~[na:na]
	at java.base/sun.nio.ch.Net.connect(Net.java:580) ~[na:na]
	at java.base/sun.nio.ch.NioSocketImpl.connect(NioSocketImpl.java:593) ~[na:na]
	at java.base/java.net.Socket.connect(Socket.java:633) ~[na:na]
	at org.java_websocket.client.WebSocketClient.run(WebSocketClient.java:475) ~[Java-WebSocket-1.5.6.jar:na]
	at java.base/java.lang.Thread.run(Thread.java:840) ~[na:na]

2026-03-14T19:01:35.417+08:00  WARN 156642 --- [so101-mes-backend] [ctReadThread-60] c.s.mes.service.RosbridgeClientService   : Rosbridge closed: code=-1, reason=Connection timed out
2026-03-14T19:19:35.815+08:00  INFO 156642 --- [so101-mes-backend] [ionShutdownHook] o.s.m.s.b.SimpleBrokerMessageHandler     : Stopping...
2026-03-14T19:19:35.816+08:00  INFO 156642 --- [so101-mes-backend] [ionShutdownHook] o.s.m.s.b.SimpleBrokerMessageHandler     : BrokerAvailabilityEvent[available=false, SimpleBrokerMessageHandler [org.springframework.messaging.simp.broker.DefaultSubscriptionRegistry@36baa049]]
2026-03-14T19:19:35.816+08:00  INFO 156642 --- [so101-mes-backend] [ionShutdownHook] o.s.m.s.b.SimpleBrokerMessageHandler     : Stopped.
