[INFO] [launch]: All log files can be found below /home/muqiao/dev/ros2/workspaces/so101_ws/.vscode/.runtime/gzm004/ros_logs/2026-03-14-20-59-35-745540-muqiao-193733
[INFO] [launch]: Default logging verbosity is set to INFO
[INFO] [bash-1]: process started with pid [193747]
[INFO] [robot_state_publisher-2]: process started with pid [193749]
[INFO] [bash-1]: process has finished cleanly [pid 193747]
[robot_state_publisher-2] [WARN] [1773493173.350804327] [kdl_parser]: The root link base_link has an inertia specified in the URDF, but KDL does not support a root link with an inertia.  As a workaround, you can add an extra dummy link to your URDF.
[robot_state_publisher-2] [INFO] [1773493173.350946485] [robot_state_publisher]: got segment base_link
[robot_state_publisher-2] [INFO] [1773493173.351046964] [robot_state_publisher]: got segment gripper_frame_link
[robot_state_publisher-2] [INFO] [1773493173.351060051] [robot_state_publisher]: got segment gripper_link
[robot_state_publisher-2] [INFO] [1773493173.351066743] [robot_state_publisher]: got segment lower_arm_link
[robot_state_publisher-2] [INFO] [1773493173.351073002] [robot_state_publisher]: got segment moving_jaw_so101_v1_link
[robot_state_publisher-2] [INFO] [1773493173.351079239] [robot_state_publisher]: got segment shoulder_link
[robot_state_publisher-2] [INFO] [1773493173.351085477] [robot_state_publisher]: got segment upper_arm_link
[robot_state_publisher-2] [INFO] [1773493173.351090997] [robot_state_publisher]: got segment wrist_link
[INFO] [gzserver-3]: process started with pid [193781]
[gzserver-3] Gazebo multi-robot simulator, version 11.10.2
[gzserver-3] Copyright (C) 2012 Open Source Robotics Foundation.
[gzserver-3] Released under the Apache 2 License.
[gzserver-3] http://gazebosim.org
[gzserver-3] 
[gzserver-3] [1;33m[Wrn] [gazebo_ros_init.cpp:178] [0m[1;33m
[gzserver-3] #     # ####### ####### ###  #####  #######
[gzserver-3] ##    # #     #    #     #  #     # #
[gzserver-3] # #   # #     #    #     #  #       #
[gzserver-3] #  #  # #     #    #     #  #       #####
[gzserver-3] #   # # #     #    #     #  #       #
[gzserver-3] #    ## #     #    #     #  #     # #
[gzserver-3] #     # #######    #    ###  #####  #######
[gzserver-3] 
[gzserver-3] This version of Gazebo, now called Gazebo classic, reaches end-of-life
[gzserver-3] in January 2025. Users are highly encouraged to migrate to the new Gazebo
[gzserver-3] using our migration guides (https://gazebosim.org/docs/latest/gazebo_classic_migration?utm_source=gazebo_ros_pkgs&utm_medium=cli)
[gzserver-3] 
[gzserver-3] [0m[1;33m
[gzserver-3] [1;32m[Msg] [0m[1;32mWaiting for master.[0m[1;32m
[gzserver-3] [0m[1;32m[0m[1;32m[0m[1;32m[Msg] [0m[1;32mConnected to gazebo master @ [0m[1;32mhttp://127.0.0.1:11345[0m[1;32m
[gzserver-3] [0m[1;32m[0m[1;32m[0m[1;32m[Msg] [0m[1;32mPublicized address: [0m[1;32m10.255.255.254[0m[1;32m
[gzserver-3] [0m[1;33m[0m[1;33m[0m[1;31m[Err] [RTShaderSystem.cc:480] [0m[1;31mUnable to find shader lib. Shader generating will fail. [0m[1;31mYour GAZEBO_RESOURCE_PATH is probably improperly set. [0m[1;31mHave you sourced <prefix>/share/gazebo/setup.bash?
[gzserver-3] [0mALSA lib confmisc.c:855:(parse_card) cannot find card '0'
[gzserver-3] ALSA lib conf.c:5178:(_snd_config_evaluate) function snd_func_card_inum returned error: No such file or directory
[gzserver-3] ALSA lib confmisc.c:422:(snd_func_concat) error evaluating strings
[gzserver-3] ALSA lib conf.c:5178:(_snd_config_evaluate) function snd_func_concat returned error: No such file or directory
[gzserver-3] ALSA lib confmisc.c:1334:(snd_func_refer) error evaluating name
[gzserver-3] ALSA lib conf.c:5178:(_snd_config_evaluate) function snd_func_refer returned error: No such file or directory
[gzserver-3] ALSA lib conf.c:5701:(snd_config_expand) Evaluate error: No such file or directory
[gzserver-3] ALSA lib pcm.c:2664:(snd_pcm_open_noupdate) Unknown PCM default
[gzserver-3] AL lib: (EE) ALCplaybackAlsa_open: Could not open playback device 'default': No such file or directory
[gzserver-3] [1;31m[Err] [OpenAL.cc:84] [0m[1;31mUnable to open audio device[[0m[1;31mdefault[0m[1;31m]
[gzserver-3]  Audio will be disabled.
[gzserver-3] [0m[1;32m[0m[1;32m[0m[1;32m[Msg] [0m[1;32mLoading world file [[0m[1;32m/home/muqiao/dev/ros2/workspaces/so101_ws/install/so101_gazebo/share/so101_gazebo/worlds/so101_workcell.world[0m[1;32m][0m[1;32m
[INFO] [spawn_entity.py-4]: process started with pid [193908]
[spawn_entity.py-4] [INFO] [1773493177.808483445] [spawn_entity]: Spawn Entity started
[spawn_entity.py-4] [INFO] [1773493177.808956771] [spawn_entity]: Loading entity published on topic robot_description
[spawn_entity.py-4] [INFO] [1773493177.810924632] [spawn_entity]: Waiting for entity xml on robot_description
[spawn_entity.py-4] [INFO] [1773493177.824696282] [spawn_entity]: Waiting for service /spawn_entity, timeout = 30
[spawn_entity.py-4] [INFO] [1773493177.825035271] [spawn_entity]: Waiting for service /spawn_entity
[spawn_entity.py-4] [INFO] [1773493177.828646580] [spawn_entity]: Calling service /spawn_entity
[spawn_entity.py-4] [INFO] [1773493177.999793895] [spawn_entity]: Spawn status: SpawnEntity: Successfully spawned entity [so101]
[gzserver-3] [0m[INFO] [1773493178.014653500] [gazebo_ros2_control]: Loading gazebo_ros2_control plugin
[gzserver-3] [INFO] [1773493178.019693463] [gazebo_ros2_control]: Starting gazebo_ros2_control plugin in namespace: /
[gzserver-3] [INFO] [1773493178.019942559] [gazebo_ros2_control]: Starting gazebo_ros2_control plugin in ros 2 node: gazebo_ros2_control
[INFO] [spawn_entity.py-4]: process has finished cleanly [pid 193908]
[gzserver-3] [ERROR] [1773493178.528298556] [gazebo_ros2_control]: robot_state_publisher service not available, waiting again...
[gzserver-3] [ERROR] [1773493179.028973557] [gazebo_ros2_control]: robot_state_publisher service not available, waiting again...
[gzserver-3] [ERROR] [1773493179.529465075] [gazebo_ros2_control]: robot_state_publisher service not available, waiting again...
[gzserver-3] [ERROR] [1773493180.030038055] [gazebo_ros2_control]: robot_state_publisher service not available, waiting again...
[gzserver-3] [ERROR] [1773493180.530405581] [gazebo_ros2_control]: robot_state_publisher service not available, waiting again...
[gzserver-3] [ERROR] [1773493181.032583538] [gazebo_ros2_control]: robot_state_publisher service not available, waiting again...
[gzserver-3] [ERROR] [1773493181.535792061] [gazebo_ros2_control]: robot_state_publisher service not available, waiting again...
[gzserver-3] [ERROR] [1773493182.036796386] [gazebo_ros2_control]: robot_state_publisher service not available, waiting again...
[gzserver-3] [ERROR] [1773493182.539685211] [gazebo_ros2_control]: robot_state_publisher service not available, waiting again...
[gzserver-3] [ERROR] [1773493183.041557940] [gazebo_ros2_control]: robot_state_publisher service not available, waiting again...
[gzserver-3] [ERROR] [1773493183.542643559] [gazebo_ros2_control]: robot_state_publisher service not available, waiting again...
[gzserver-3] [ERROR] [1773493184.045666024] [gazebo_ros2_control]: robot_state_publisher service not available, waiting again...
[gzserver-3] [ERROR] [1773493184.546277403] [gazebo_ros2_control]: robot_state_publisher service not available, waiting again...
[gzserver-3] [ERROR] [1773493185.050687356] [gazebo_ros2_control]: robot_state_publisher service not available, waiting again...
[gzserver-3] [ERROR] [1773493185.550934700] [gazebo_ros2_control]: robot_state_publisher service not available, waiting again...
[gzserver-3] [ERROR] [1773493186.056973619] [gazebo_ros2_control]: robot_state_publisher service not available, waiting again...
[gzserver-3] [ERROR] [1773493186.558984816] [gazebo_ros2_control]: robot_state_publisher service not available, waiting again...
[gzserver-3] [ERROR] [1773493187.062755864] [gazebo_ros2_control]: robot_state_publisher service not available, waiting again...
[gzserver-3] [ERROR] [1773493187.568184497] [gazebo_ros2_control]: robot_state_publisher service not available, waiting again...
[gzserver-3] [ERROR] [1773493188.071510461] [gazebo_ros2_control]: robot_state_publisher service not available, waiting again...
[gzserver-3] [ERROR] [1773493188.577016673] [gazebo_ros2_control]: robot_state_publisher service not available, waiting again...
[gzserver-3] [ERROR] [1773493189.077328908] [gazebo_ros2_control]: robot_state_publisher service not available, waiting again...
[gzserver-3] [ERROR] [1773493189.580538555] [gazebo_ros2_control]: robot_state_publisher service not available, waiting again...
[gzserver-3] [ERROR] [1773493190.087142130] [gazebo_ros2_control]: robot_state_publisher service not available, waiting again...
[gzserver-3] [ERROR] [1773493190.588226422] [gazebo_ros2_control]: robot_state_publisher service not available, waiting again...
[gzserver-3] [ERROR] [1773493191.089336416] [gazebo_ros2_control]: robot_state_publisher service not available, waiting again...
[gzserver-3] [ERROR] [1773493191.590189826] [gazebo_ros2_control]: robot_state_publisher service not available, waiting again...
[gzserver-3] [ERROR] [1773493192.090757024] [gazebo_ros2_control]: robot_state_publisher service not available, waiting again...
[gzserver-3] [ERROR] [1773493192.591551639] [gazebo_ros2_control]: robot_state_publisher service not available, waiting again...
[gzserver-3] [ERROR] [1773493193.092978725] [gazebo_ros2_control]: robot_state_publisher service not available, waiting again...
[gzserver-3] [ERROR] [1773493193.594025105] [gazebo_ros2_control]: robot_state_publisher service not available, waiting again...
[gzserver-3] [ERROR] [1773493194.094742831] [gazebo_ros2_control]: robot_state_publisher service not available, waiting again...
[gzserver-3] [ERROR] [1773493194.595684669] [gazebo_ros2_control]: robot_state_publisher service not available, waiting again...
[gzserver-3] [ERROR] [1773493195.096141926] [gazebo_ros2_control]: robot_state_publisher service not available, waiting again...
[gzserver-3] [ERROR] [1773493195.596448909] [gazebo_ros2_control]: robot_state_publisher service not available, waiting again...
[gzserver-3] [ERROR] [1773493196.096696582] [gazebo_ros2_control]: robot_state_publisher service not available, waiting again...
[gzserver-3] [ERROR] [1773493196.596998847] [gazebo_ros2_control]: robot_state_publisher service not available, waiting again...
[gzserver-3] [ERROR] [1773493197.097374251] [gazebo_ros2_control]: robot_state_publisher service not available, waiting again...
[gzserver-3] [ERROR] [1773493197.598099071] [gazebo_ros2_control]: robot_state_publisher service not available, waiting again...
[gzserver-3] [ERROR] [1773493198.098816587] [gazebo_ros2_control]: robot_state_publisher service not available, waiting again...
[gzserver-3] [ERROR] [1773493198.599773797] [gazebo_ros2_control]: robot_state_publisher service not available, waiting again...
[gzserver-3] [ERROR] [1773493199.100410692] [gazebo_ros2_control]: robot_state_publisher service not available, waiting again...
[gzserver-3] [ERROR] [1773493199.600915895] [gazebo_ros2_control]: robot_state_publisher service not available, waiting again...
[gzserver-3] [ERROR] [1773493200.101459312] [gazebo_ros2_control]: robot_state_publisher service not available, waiting again...
[gzserver-3] [ERROR] [1773493200.601983518] [gazebo_ros2_control]: robot_state_publisher service not available, waiting again...
[gzserver-3] [ERROR] [1773493201.102877798] [gazebo_ros2_control]: robot_state_publisher service not available, waiting again...
[gzserver-3] [ERROR] [1773493201.603454578] [gazebo_ros2_control]: robot_state_publisher service not available, waiting again...
[gzserver-3] [ERROR] [1773493202.104095142] [gazebo_ros2_control]: robot_state_publisher service not available, waiting again...
[gzserver-3] [ERROR] [1773493203.179807999] [gazebo_ros2_control]: robot_state_publisher service not available, waiting again...
[gzserver-3] [ERROR] [1773493202.502660735] [gazebo_ros2_control]: robot_state_publisher service not available, waiting again...
[gzserver-3] [ERROR] [1773493203.003070401] [gazebo_ros2_control]: robot_state_publisher service not available, waiting again...
[gzserver-3] [ERROR] [1773493203.503398458] [gazebo_ros2_control]: robot_state_publisher service not available, waiting again...
[gzserver-3] [ERROR] [1773493204.003744517] [gazebo_ros2_control]: robot_state_publisher service not available, waiting again...
[gzserver-3] [ERROR] [1773493204.504116749] [gazebo_ros2_control]: robot_state_publisher service not available, waiting again...
[gzserver-3] [ERROR] [1773493205.004538980] [gazebo_ros2_control]: robot_state_publisher service not available, waiting again...
[gzserver-3] [ERROR] [1773493205.504836932] [gazebo_ros2_control]: robot_state_publisher service not available, waiting again...
[gzserver-3] [ERROR] [1773493206.005413551] [gazebo_ros2_control]: robot_state_publisher service not available, waiting again...
[gzserver-3] [ERROR] [1773493206.506954452] [gazebo_ros2_control]: robot_state_publisher service not available, waiting again...
[gzserver-3] [ERROR] [1773493207.007295167] [gazebo_ros2_control]: robot_state_publisher service not available, waiting again...
[gzserver-3] [ERROR] [1773493207.508100272] [gazebo_ros2_control]: robot_state_publisher service not available, waiting again...
[INFO] [ros2-5]: process started with pid [194039]
[gzserver-3] [ERROR] [1773493208.008777721] [gazebo_ros2_control]: robot_state_publisher service not available, waiting again...
[gzserver-3] [ERROR] [1773493208.511310971] [gazebo_ros2_control]: robot_state_publisher service not available, waiting again...
[gzserver-3] [ERROR] [1773493209.017425428] [gazebo_ros2_control]: robot_state_publisher service not available, waiting again...
[gzserver-3] [ERROR] [1773493209.518226039] [gazebo_ros2_control]: robot_state_publisher service not available, waiting again...
[gzserver-3] [ERROR] [1773493210.019049786] [gazebo_ros2_control]: robot_state_publisher service not available, waiting again...
[gzserver-3] [ERROR] [1773493210.521174239] [gazebo_ros2_control]: robot_state_publisher service not available, waiting again...
[gzserver-3] [ERROR] [1773493211.022830963] [gazebo_ros2_control]: robot_state_publisher service not available, waiting again...
[gzserver-3] [ERROR] [1773493211.524261037] [gazebo_ros2_control]: robot_state_publisher service not available, waiting again...
[gzserver-3] [ERROR] [1773493212.024871580] [gazebo_ros2_control]: robot_state_publisher service not available, waiting again...
[gzserver-3] [ERROR] [1773493212.526492821] [gazebo_ros2_control]: robot_state_publisher service not available, waiting again...
[gzserver-3] [ERROR] [1773493213.026812446] [gazebo_ros2_control]: robot_state_publisher service not available, waiting again...
[gzserver-3] [ERROR] [1773493213.531046293] [gazebo_ros2_control]: robot_state_publisher service not available, waiting again...
[gzserver-3] [ERROR] [1773493214.037003892] [gazebo_ros2_control]: robot_state_publisher service not available, waiting again...
[gzserver-3] [ERROR] [1773493214.537768088] [gazebo_ros2_control]: robot_state_publisher service not available, waiting again...
[gzserver-3] [ERROR] [1773493215.038694318] [gazebo_ros2_control]: robot_state_publisher service not available, waiting again...
[gzserver-3] [ERROR] [1773493215.539281625] [gazebo_ros2_control]: robot_state_publisher service not available, waiting again...
[gzserver-3] [ERROR] [1773493216.039686103] [gazebo_ros2_control]: robot_state_publisher service not available, waiting again...
[gzserver-3] [ERROR] [1773493216.542384355] [gazebo_ros2_control]: robot_state_publisher service not available, waiting again...
[gzserver-3] [ERROR] [1773493217.042711897] [gazebo_ros2_control]: robot_state_publisher service not available, waiting again...
[gzserver-3] [ERROR] [1773493217.543055369] [gazebo_ros2_control]: robot_state_publisher service not available, waiting again...
[gzserver-3] [ERROR] [1773493218.043415570] [gazebo_ros2_control]: robot_state_publisher service not available, waiting again...
[gzserver-3] [ERROR] [1773493218.543743726] [gazebo_ros2_control]: robot_state_publisher service not available, waiting again...
[gzserver-3] [ERROR] [1773493219.045718865] [gazebo_ros2_control]: robot_state_publisher service not available, waiting again...
[gzserver-3] [ERROR] [1773493219.547219962] [gazebo_ros2_control]: robot_state_publisher service not available, waiting again...
[gzserver-3] [ERROR] [1773493220.048387859] [gazebo_ros2_control]: robot_state_publisher service not available, waiting again...
[gzserver-3] [ERROR] [1773493220.549486435] [gazebo_ros2_control]: robot_state_publisher service not available, waiting again...
[gzserver-3] [ERROR] [1773493221.050365188] [gazebo_ros2_control]: robot_state_publisher service not available, waiting again...
[gzserver-3] [ERROR] [1773493221.550857561] [gazebo_ros2_control]: robot_state_publisher service not available, waiting again...
[gzserver-3] [ERROR] [1773493222.051571537] [gazebo_ros2_control]: robot_state_publisher service not available, waiting again...
[gzserver-3] [ERROR] [1773493222.552400831] [gazebo_ros2_control]: robot_state_publisher service not available, waiting again...
[gzserver-3] [ERROR] [1773493223.059546274] [gazebo_ros2_control]: robot_state_publisher service not available, waiting again...
[gzserver-3] [ERROR] [1773493223.560050918] [gazebo_ros2_control]: robot_state_publisher service not available, waiting again...
[gzserver-3] [ERROR] [1773493224.061494132] [gazebo_ros2_control]: robot_state_publisher service not available, waiting again...
[gzserver-3] [ERROR] [1773493224.562408039] [gazebo_ros2_control]: robot_state_publisher service not available, waiting again...
[gzserver-3] [ERROR] [1773493225.062808102] [gazebo_ros2_control]: robot_state_publisher service not available, waiting again...
[gzserver-3] [ERROR] [1773493225.563882423] [gazebo_ros2_control]: robot_state_publisher service not available, waiting again...
[gzserver-3] [ERROR] [1773493226.064625123] [gazebo_ros2_control]: robot_state_publisher service not available, waiting again...
[gzserver-3] [ERROR] [1773493226.565141207] [gazebo_ros2_control]: robot_state_publisher service not available, waiting again...
[gzserver-3] [ERROR] [1773493227.065624568] [gazebo_ros2_control]: robot_state_publisher service not available, waiting again...
[gzserver-3] [ERROR] [1773493227.567483478] [gazebo_ros2_control]: robot_state_publisher service not available, waiting again...
[gzserver-3] [ERROR] [1773493228.069039912] [gazebo_ros2_control]: robot_state_publisher service not available, waiting again...
[gzserver-3] [ERROR] [1773493228.570370054] [gazebo_ros2_control]: robot_state_publisher service not available, waiting again...
[gzserver-3] [ERROR] [1773493229.070798936] [gazebo_ros2_control]: robot_state_publisher service not available, waiting again...
[gzserver-3] [ERROR] [1773493229.571158117] [gazebo_ros2_control]: robot_state_publisher service not available, waiting again...
[gzserver-3] [ERROR] [1773493230.071786444] [gazebo_ros2_control]: robot_state_publisher service not available, waiting again...
[gzserver-3] [ERROR] [1773493230.573371867] [gazebo_ros2_control]: robot_state_publisher service not available, waiting again...
[gzserver-3] [ERROR] [1773493231.074021761] [gazebo_ros2_control]: robot_state_publisher service not available, waiting again...
[gzserver-3] [ERROR] [1773493231.575161574] [gazebo_ros2_control]: robot_state_publisher service not available, waiting again...
[gzserver-3] [ERROR] [1773493231.190427271] [gazebo_ros2_control]: robot_state_publisher service not available, waiting again...
[gzserver-3] [ERROR] [1773493230.491843070] [gazebo_ros2_control]: robot_state_publisher service not available, waiting again...
[gzserver-3] [ERROR] [1773493230.993825080] [gazebo_ros2_control]: robot_state_publisher service not available, waiting again...
[gzserver-3] [ERROR] [1773493231.494771032] [gazebo_ros2_control]: robot_state_publisher service not available, waiting again...
[gzserver-3] [ERROR] [1773493232.002280160] [gazebo_ros2_control]: robot_state_publisher service not available, waiting again...
[gzserver-3] [ERROR] [1773493232.504819583] [gazebo_ros2_control]: robot_state_publisher service not available, waiting again...
[gzserver-3] [ERROR] [1773493233.005513622] [gazebo_ros2_control]: robot_state_publisher service not available, waiting again...
[gzserver-3] [ERROR] [1773493233.505832677] [gazebo_ros2_control]: robot_state_publisher service not available, waiting again...
[gzserver-3] [ERROR] [1773493234.006718861] [gazebo_ros2_control]: robot_state_publisher service not available, waiting again...
[gzserver-3] [ERROR] [1773493234.507953752] [gazebo_ros2_control]: robot_state_publisher service not available, waiting again...
[gzserver-3] [ERROR] [1773493235.008353302] [gazebo_ros2_control]: robot_state_publisher service not available, waiting again...
[gzserver-3] [ERROR] [1773493235.509023719] [gazebo_ros2_control]: robot_state_publisher service not available, waiting again...
[gzserver-3] [ERROR] [1773493236.014985174] [gazebo_ros2_control]: robot_state_publisher service not available, waiting again...
[gzserver-3] [ERROR] [1773493236.520114504] [gazebo_ros2_control]: robot_state_publisher service not available, waiting again...
[gzserver-3] [ERROR] [1773493237.025611656] [gazebo_ros2_control]: robot_state_publisher service not available, waiting again...
[gzserver-3] [ERROR] [1773493237.526157192] [gazebo_ros2_control]: robot_state_publisher service not available, waiting again...
[gzserver-3] [ERROR] [1773493238.027127717] [gazebo_ros2_control]: robot_state_publisher service not available, waiting again...
[gzserver-3] [ERROR] [1773493238.527909800] [gazebo_ros2_control]: robot_state_publisher service not available, waiting again...
[gzserver-3] [ERROR] [1773493239.031943621] [gazebo_ros2_control]: robot_state_publisher service not available, waiting again...
[gzserver-3] [ERROR] [1773493239.535505573] [gazebo_ros2_control]: robot_state_publisher service not available, waiting again...
[gzserver-3] [ERROR] [1773493240.038322153] [gazebo_ros2_control]: robot_state_publisher service not available, waiting again...
[gzserver-3] [ERROR] [1773493240.539677925] [gazebo_ros2_control]: robot_state_publisher service not available, waiting again...
[gzserver-3] [ERROR] [1773493241.040593036] [gazebo_ros2_control]: robot_state_publisher service not available, waiting again...
[gzserver-3] [ERROR] [1773493241.540967657] [gazebo_ros2_control]: robot_state_publisher service not available, waiting again...
[gzserver-3] [ERROR] [1773493242.047325082] [gazebo_ros2_control]: robot_state_publisher service not available, waiting again...
[gzserver-3] [ERROR] [1773493242.551260050] [gazebo_ros2_control]: robot_state_publisher service not available, waiting again...
[gzserver-3] [ERROR] [1773493243.051931108] [gazebo_ros2_control]: robot_state_publisher service not available, waiting again...
[gzserver-3] [ERROR] [1773493243.554162874] [gazebo_ros2_control]: robot_state_publisher service not available, waiting again...
[gzserver-3] [ERROR] [1773493244.055708410] [gazebo_ros2_control]: robot_state_publisher service not available, waiting again...
[gzserver-3] [ERROR] [1773493244.561077097] [gazebo_ros2_control]: robot_state_publisher service not available, waiting again...
[gzserver-3] [ERROR] [1773493245.067809624] [gazebo_ros2_control]: robot_state_publisher service not available, waiting again...
[gzserver-3] [ERROR] [1773493245.569002526] [gazebo_ros2_control]: robot_state_publisher service not available, waiting again...
[gzserver-3] [ERROR] [1773493246.071793761] [gazebo_ros2_control]: robot_state_publisher service not available, waiting again...
[gzserver-3] [ERROR] [1773493246.574639513] [gazebo_ros2_control]: robot_state_publisher service not available, waiting again...
[gzserver-3] [ERROR] [1773493247.077102586] [gazebo_ros2_control]: robot_state_publisher service not available, waiting again...
[gzserver-3] [ERROR] [1773493247.579318319] [gazebo_ros2_control]: robot_state_publisher service not available, waiting again...
[gzserver-3] [ERROR] [1773493248.080948324] [gazebo_ros2_control]: robot_state_publisher service not available, waiting again...
[gzserver-3] [ERROR] [1773493248.588128612] [gazebo_ros2_control]: robot_state_publisher service not available, waiting again...
[gzserver-3] [ERROR] [1773493249.094750312] [gazebo_ros2_control]: robot_state_publisher service not available, waiting again...
[gzserver-3] [ERROR] [1773493249.601422675] [gazebo_ros2_control]: robot_state_publisher service not available, waiting again...
[gzserver-3] [ERROR] [1773493250.107501228] [gazebo_ros2_control]: robot_state_publisher service not available, waiting again...
[gzserver-3] [ERROR] [1773493250.609685400] [gazebo_ros2_control]: robot_state_publisher service not available, waiting again...
[gzserver-3] [ERROR] [1773493251.110191026] [gazebo_ros2_control]: robot_state_publisher service not available, waiting again...
[gzserver-3] [ERROR] [1773493251.610701865] [gazebo_ros2_control]: robot_state_publisher service not available, waiting again...
[gzserver-3] [ERROR] [1773493252.111084810] [gazebo_ros2_control]: robot_state_publisher service not available, waiting again...
[gzserver-3] [ERROR] [1773493252.613613834] [gazebo_ros2_control]: robot_state_publisher service not available, waiting again...
[gzserver-3] [ERROR] [1773493253.114641320] [gazebo_ros2_control]: robot_state_publisher service not available, waiting again...
[gzserver-3] [ERROR] [1773493253.615138100] [gazebo_ros2_control]: robot_state_publisher service not available, waiting again...
[gzserver-3] [ERROR] [1773493254.115818407] [gazebo_ros2_control]: robot_state_publisher service not available, waiting again...
[gzserver-3] [ERROR] [1773493254.616222070] [gazebo_ros2_control]: robot_state_publisher service not available, waiting again...
[gzserver-3] [ERROR] [1773493255.116748359] [gazebo_ros2_control]: robot_state_publisher service not available, waiting again...
[gzserver-3] [ERROR] [1773493255.617390098] [gazebo_ros2_control]: robot_state_publisher service not available, waiting again...
[gzserver-3] [ERROR] [1773493256.118063060] [gazebo_ros2_control]: robot_state_publisher service not available, waiting again...
[gzserver-3] [ERROR] [1773493256.618909448] [gazebo_ros2_control]: robot_state_publisher service not available, waiting again...
[gzserver-3] [ERROR] [1773493257.121140682] [gazebo_ros2_control]: robot_state_publisher service not available, waiting again...
[gzserver-3] [ERROR] [1773493257.621576221] [gazebo_ros2_control]: robot_state_publisher service not available, waiting again...
[gzserver-3] [ERROR] [1773493258.122443155] [gazebo_ros2_control]: robot_state_publisher service not available, waiting again...
[gzserver-3] [ERROR] [1773493258.623073620] [gazebo_ros2_control]: robot_state_publisher service not available, waiting again...
[gzserver-3] [ERROR] [1773493259.124092428] [gazebo_ros2_control]: robot_state_publisher service not available, waiting again...
[gzserver-3] [ERROR] [1773493259.624669456] [gazebo_ros2_control]: robot_state_publisher service not available, waiting again...
