[INFO] [launch]: All log files can be found below /home/muqiao/dev/ros2/workspaces/so101_ws/.vscode/.runtime/gzm004/ros_logs/2026-03-14-20-58-40-090717-muqiao-193378
[INFO] [launch]: Default logging verbosity is set to INFO
[INFO] [bash-1]: process started with pid [193382]
[INFO] [robot_state_publisher-2]: process started with pid [193384]
[INFO] [bash-1]: process has finished cleanly [pid 193382]
[robot_state_publisher-2] [WARN] [1773493120.936492023] [kdl_parser]: The root link base_link has an inertia specified in the URDF, but KDL does not support a root link with an inertia.  As a workaround, you can add an extra dummy link to your URDF.
[robot_state_publisher-2] [INFO] [1773493120.936606148] [robot_state_publisher]: got segment base_link
[robot_state_publisher-2] [INFO] [1773493120.936688946] [robot_state_publisher]: got segment gripper_frame_link
[robot_state_publisher-2] [INFO] [1773493120.936701468] [robot_state_publisher]: got segment gripper_link
[robot_state_publisher-2] [INFO] [1773493120.936706656] [robot_state_publisher]: got segment lower_arm_link
[robot_state_publisher-2] [INFO] [1773493120.936710981] [robot_state_publisher]: got segment moving_jaw_so101_v1_link
[robot_state_publisher-2] [INFO] [1773493120.936715780] [robot_state_publisher]: got segment shoulder_link
[robot_state_publisher-2] [INFO] [1773493120.936720210] [robot_state_publisher]: got segment upper_arm_link
[robot_state_publisher-2] [INFO] [1773493120.936724493] [robot_state_publisher]: got segment wrist_link
[INFO] [gzserver-3]: process started with pid [193416]
[gzserver-3] Gazebo multi-robot simulator, version 11.10.2
[gzserver-3] Copyright (C) 2012 Open Source Robotics Foundation.
[gzserver-3] Released under the Apache 2 License.
[gzserver-3] http://gazebosim.org
[gzserver-3] 
[gzserver-3] [1;33m[Wrn] [gazebo_ros_init.cpp:178] [0m[1;33m
[gzserver-3] #     # ####### ####### ###  #####  #######
[gzserver-3] ##    # #     #    #     #  #     # #
[gzserver-3] # #   # #     #    #     #  #       #
[gzserver-3] #  #  # #     #    #     #  #       #####
[gzserver-3] #   # # #     #    #     #  #       #
[gzserver-3] #    ## #     #    #     #  #     # #
[gzserver-3] #     # #######    #    ###  #####  #######
[gzserver-3] 
[gzserver-3] This version of Gazebo, now called Gazebo classic, reaches end-of-life
[gzserver-3] in January 2025. Users are highly encouraged to migrate to the new Gazebo
[gzserver-3] using our migration guides (https://gazebosim.org/docs/latest/gazebo_classic_migration?utm_source=gazebo_ros_pkgs&utm_medium=cli)
[gzserver-3] 
[gzserver-3] [0m[1;33m
[gzserver-3] [1;32m[Msg] [0m[1;32mWaiting for master.[0m[1;32m
[gzserver-3] [0m[1;32m[0m[1;32m[0m[1;32m[Msg] [0m[1;32mConnected to gazebo master @ [0m[1;32mhttp://127.0.0.1:11345[0m[1;32m
[gzserver-3] [0m[1;32m[0m[1;32m[0m[1;32m[Msg] [0m[1;32mPublicized address: [0m[1;32m10.255.255.254[0m[1;32m
[gzserver-3] [0m[1;33m[0m[1;33m[0m[1;31m[Err] [RTShaderSystem.cc:480] [0m[1;31mUnable to find shader lib. Shader generating will fail. [0m[1;31mYour GAZEBO_RESOURCE_PATH is probably improperly set. [0m[1;31mHave you sourced <prefix>/share/gazebo/setup.bash?
[gzserver-3] [0mALSA lib confmisc.c:855:(parse_card) cannot find card '0'
[gzserver-3] ALSA lib conf.c:5178:(_snd_config_evaluate) function snd_func_card_inum returned error: No such file or directory
[gzserver-3] ALSA lib confmisc.c:422:(snd_func_concat) error evaluating strings
[gzserver-3] ALSA lib conf.c:5178:(_snd_config_evaluate) function snd_func_concat returned error: No such file or directory
[gzserver-3] ALSA lib confmisc.c:1334:(snd_func_refer) error evaluating name
[gzserver-3] ALSA lib conf.c:5178:(_snd_config_evaluate) function snd_func_refer returned error: No such file or directory
[gzserver-3] ALSA lib conf.c:5701:(snd_config_expand) Evaluate error: No such file or directory
[gzserver-3] ALSA lib pcm.c:2664:(snd_pcm_open_noupdate) Unknown PCM default
[gzserver-3] AL lib: (EE) ALCplaybackAlsa_open: Could not open playback device 'default': No such file or directory
[gzserver-3] [1;31m[Err] [OpenAL.cc:84] [0m[1;31mUnable to open audio device[[0m[1;31mdefault[0m[1;31m]
[gzserver-3]  Audio will be disabled.
[gzserver-3] [0m[1;32m[0m[1;32m[0m[1;32m[Msg] [0m[1;32mLoading world file [[0m[1;32m/home/muqiao/dev/ros2/workspaces/so101_ws/install/so101_gazebo/share/so101_gazebo/worlds/so101_workcell.world[0m[1;32m][0m[1;32m
[INFO] [spawn_entity.py-4]: process started with pid [193551]
[spawn_entity.py-4] [INFO] [1773493125.406276509] [spawn_entity]: Spawn Entity started
[spawn_entity.py-4] [INFO] [1773493125.406740692] [spawn_entity]: Loading entity published on topic robot_description
[spawn_entity.py-4] [INFO] [1773493125.408986536] [spawn_entity]: Waiting for entity xml on robot_description
[spawn_entity.py-4] [INFO] [1773493125.422165699] [spawn_entity]: Waiting for service /spawn_entity, timeout = 30
[spawn_entity.py-4] [INFO] [1773493125.422519350] [spawn_entity]: Waiting for service /spawn_entity
[spawn_entity.py-4] [INFO] [1773493125.426543375] [spawn_entity]: Calling service /spawn_entity
[spawn_entity.py-4] [INFO] [1773493125.698903038] [spawn_entity]: Spawn status: SpawnEntity: Successfully spawned entity [so101]
[gzserver-3] [0m[INFO] [1773493125.713892552] [gazebo_ros2_control]: Loading gazebo_ros2_control plugin
[gzserver-3] [INFO] [1773493125.719859216] [gazebo_ros2_control]: Starting gazebo_ros2_control plugin in namespace: /
[gzserver-3] [INFO] [1773493125.720145949] [gazebo_ros2_control]: Starting gazebo_ros2_control plugin in ros 2 node: gazebo_ros2_control
[gzserver-3] [INFO] [1773493125.723198233] [gazebo_ros2_control]: connected to service!! robot_state_publisher
[gzserver-3] [INFO] [1773493125.723970780] [gazebo_ros2_control]: Received urdf from param server, parsing...
[gzserver-3] [INFO] [1773493125.724094549] [gazebo_ros2_control]: Loading parameter files /home/muqiao/dev/ros2/workspaces/so101_ws/install/so101_bringup/share/so101_bringup/config/controllers.yaml
[gzserver-3] [INFO] [1773493125.732677659] [gazebo_ros2_control]: Loading joint: shoulder_pan
[gzserver-3] [INFO] [1773493125.732746732] [gazebo_ros2_control]: 	State:
[gzserver-3] [INFO] [1773493125.732757865] [gazebo_ros2_control]: 		 position
[gzserver-3] [INFO] [1773493125.732765092] [gazebo_ros2_control]: 		 velocity
[gzserver-3] [INFO] [1773493125.732770749] [gazebo_ros2_control]: 	Command:
[gzserver-3] [INFO] [1773493125.732775937] [gazebo_ros2_control]: 		 position
[gzserver-3] [INFO] [1773493125.732896044] [gazebo_ros2_control]: Loading joint: shoulder_lift
[gzserver-3] [INFO] [1773493125.732906954] [gazebo_ros2_control]: 	State:
[gzserver-3] [INFO] [1773493125.732912728] [gazebo_ros2_control]: 		 position
[gzserver-3] [INFO] [1773493125.732918172] [gazebo_ros2_control]: 		 velocity
[gzserver-3] [INFO] [1773493125.732923179] [gazebo_ros2_control]: 	Command:
[gzserver-3] [INFO] [1773493125.732928227] [gazebo_ros2_control]: 		 position
[gzserver-3] [INFO] [1773493125.733004538] [gazebo_ros2_control]: Loading joint: elbow_flex
[gzserver-3] [INFO] [1773493125.733019077] [gazebo_ros2_control]: 	State:
[gzserver-3] [INFO] [1773493125.733024894] [gazebo_ros2_control]: 		 position
[gzserver-3] [INFO] [1773493125.733030519] [gazebo_ros2_control]: 		 velocity
[gzserver-3] [INFO] [1773493125.733035664] [gazebo_ros2_control]: 	Command:
[gzserver-3] [INFO] [1773493125.733040703] [gazebo_ros2_control]: 		 position
[gzserver-3] [INFO] [1773493125.733180440] [gazebo_ros2_control]: Loading joint: wrist_flex
[gzserver-3] [INFO] [1773493125.733194594] [gazebo_ros2_control]: 	State:
[gzserver-3] [INFO] [1773493125.733200284] [gazebo_ros2_control]: 		 position
[gzserver-3] [INFO] [1773493125.733205888] [gazebo_ros2_control]: 		 velocity
[gzserver-3] [INFO] [1773493125.733211001] [gazebo_ros2_control]: 	Command:
[gzserver-3] [INFO] [1773493125.733216060] [gazebo_ros2_control]: 		 position
[gzserver-3] [INFO] [1773493125.733481851] [gazebo_ros2_control]: Loading joint: wrist_roll
[gzserver-3] [INFO] [1773493125.733521164] [gazebo_ros2_control]: 	State:
[gzserver-3] [INFO] [1773493125.733531721] [gazebo_ros2_control]: 		 position
[gzserver-3] [INFO] [1773493125.733538862] [gazebo_ros2_control]: 		 velocity
[gzserver-3] [INFO] [1773493125.733544370] [gazebo_ros2_control]: 	Command:
[gzserver-3] [INFO] [1773493125.733549451] [gazebo_ros2_control]: 		 position
[gzserver-3] [INFO] [1773493125.733702702] [gazebo_ros2_control]: Loading joint: gripper
[gzserver-3] [INFO] [1773493125.733718383] [gazebo_ros2_control]: 	State:
[gzserver-3] [INFO] [1773493125.733724606] [gazebo_ros2_control]: 		 position
[gzserver-3] [INFO] [1773493125.733730338] [gazebo_ros2_control]: 		 velocity
[gzserver-3] [INFO] [1773493125.733735537] [gazebo_ros2_control]: 	Command:
[gzserver-3] [INFO] [1773493125.733740554] [gazebo_ros2_control]: 		 position
[gzserver-3] [INFO] [1773493125.733968653] [resource_manager]: Initialize hardware 'SO101System' 
[gzserver-3] [INFO] [1773493125.734097866] [resource_manager]: Successful initialization of hardware 'SO101System'
[gzserver-3] [INFO] [1773493125.734194927] [resource_manager]: 'configure' hardware 'SO101System' 
[gzserver-3] [INFO] [1773493125.734209466] [resource_manager]: Successful 'configure' of hardware 'SO101System'
[gzserver-3] [INFO] [1773493125.734215593] [resource_manager]: 'activate' hardware 'SO101System' 
[gzserver-3] [INFO] [1773493125.734220513] [resource_manager]: Successful 'activate' of hardware 'SO101System'
[gzserver-3] [INFO] [1773493125.734295223] [gazebo_ros2_control]: Loading controller_manager
[gzserver-3] [WARN] [1773493125.750849729] [gazebo_ros2_control]:  Desired controller update period (0.01 s) is slower than the gazebo simulation period (0.001 s).
[gzserver-3] [INFO] [1773493125.751247721] [gazebo_ros2_control]: Loaded gazebo_ros2_control.
[INFO] [spawn_entity.py-4]: process has finished cleanly [pid 193551]
